TAP version 13
ok 1 - Eloquent\Schemer\Constraint\Factory\MetaSchemaFactoryTest::testCreate
ok 2 - Eloquent\Schemer\Constraint\Factory\SchemaFactoryTest::testRecursiveSchemaCreation
ok 3 - Eloquent\Schemer\Pointer\PointerFactoryTest::testCreate with data set "Empty pointer" ('', array())
ok 4 - Eloquent\Schemer\Pointer\PointerFactoryTest::testCreate with data set "Pointer with single empty string atom" ('/', array(''))
ok 5 - Eloquent\Schemer\Pointer\PointerFactoryTest::testCreate with data set "Escaped characters in atoms" ('/foo/b~0a~1r/b~1a~0z/q~01ux', array('foo', 'b~a/r', 'b/a~z', 'q~1ux'))
ok 6 - Eloquent\Schemer\Pointer\PointerFactoryTest::testCreateFailure with data set "No leading separator" ('foo')
ok 7 - Eloquent\Schemer\Pointer\PointerTest::testString with data set "Empty pointer" (array(), '')
ok 8 - Eloquent\Schemer\Pointer\PointerTest::testString with data set "Pointer with single empty string atom" (array(''), '/')
ok 9 - Eloquent\Schemer\Pointer\PointerTest::testString with data set "Escaped characters in atoms" (array('foo', 'b~a/r', 'b/a~z', 'q~1ux'), '/foo/b~0a~1r/b~1a~0z/q~01ux')
ok 10 - Eloquent\Schemer\Pointer\Resolver\PointerResolverTest::testResolver with data set "spec-examples.json / example 1" ('spec-examples.json', 'example 1')
ok 11 - Eloquent\Schemer\Pointer\Resolver\PointerResolverTest::testResolver with data set "spec-examples.json / example 2" ('spec-examples.json', 'example 2')
ok 12 - Eloquent\Schemer\Pointer\Resolver\PointerResolverTest::testResolver with data set "spec-examples.json / example 3" ('spec-examples.json', 'example 3')
ok 13 - Eloquent\Schemer\Pointer\Resolver\PointerResolverTest::testResolver with data set "spec-examples.json / example 4" ('spec-examples.json', 'example 4')
ok 14 - Eloquent\Schemer\Pointer\Resolver\PointerResolverTest::testResolver with data set "spec-examples.json / example 5" ('spec-examples.json', 'example 5')
ok 15 - Eloquent\Schemer\Pointer\Resolver\PointerResolverTest::testResolver with data set "spec-examples.json / example 6" ('spec-examples.json', 'example 6')
ok 16 - Eloquent\Schemer\Pointer\Resolver\PointerResolverTest::testResolver with data set "spec-examples.json / example 7" ('spec-examples.json', 'example 7')
ok 17 - Eloquent\Schemer\Pointer\Resolver\PointerResolverTest::testResolver with data set "spec-examples.json / example 8" ('spec-examples.json', 'example 8')
ok 18 - Eloquent\Schemer\Pointer\Resolver\PointerResolverTest::testResolver with data set "spec-examples.json / example 9" ('spec-examples.json', 'example 9')
ok 19 - Eloquent\Schemer\Pointer\Resolver\PointerResolverTest::testResolver with data set "spec-examples.json / example 10" ('spec-examples.json', 'example 10')
ok 20 - Eloquent\Schemer\Pointer\Resolver\PointerResolverTest::testResolver with data set "spec-examples.json / example 11" ('spec-examples.json', 'example 11')
ok 21 - Eloquent\Schemer\Pointer\Resolver\PointerResolverTest::testResolver with data set "spec-examples.json / example 12" ('spec-examples.json', 'example 12')
ok 22 - Eloquent\Schemer\Reader\ReaderTest::testReadStringJson
ok 23 - Eloquent\Schemer\Reader\ReaderTest::testReadStringToml
ok 24 - Eloquent\Schemer\Reader\ReaderTest::testReadStringYaml
ok 25 - Eloquent\Schemer\Reference\ReferenceResolverTest::testResolver with data set "complete-document" ('complete-document')
ok 26 - Eloquent\Schemer\Reference\ReferenceResolverTest::testResolver with data set "explicit-type" ('explicit-type')
ok 27 - Eloquent\Schemer\Reference\ReferenceResolverTest::testResolver with data set "implicit-type" ('implicit-type')
ok 28 - Eloquent\Schemer\Reference\ReferenceResolverTest::testResolver with data set "inline" ('inline')
ok 29 - Eloquent\Schemer\Reference\ReferenceResolverTest::testResolver with data set "nested" ('nested')
ok 30 - Eloquent\Schemer\Reference\ReferenceResolverTest::testResolver with data set "partial-document" ('partial-document')
ok 31 - Eloquent\Schemer\Reference\ReferenceResolverTest::testResolver with data set "switching-scope" ('switching-scope')
ok 32 - Eloquent\Schemer\Reference\ReferenceResolverTest::testResolver with data set "switching-scope-non-pointer-fragment" ('switching-scope-non-pointer-fragment')
ok 33 - Eloquent\Schemer\Reference\ReferenceResolverTest::testResolveResolvableRecursive with data set "resolvable-inline.json" ('resolvable-inline.json')
ok 34 - Eloquent\Schemer\Reference\ReferenceResolverTest::testResolveResolvableRecursive with data set "resolvable-external.json" ('resolvable-external.json')
ok 35 - Eloquent\Schemer\Reference\ReferenceResolverTest::testResolveResolvableRecursive with data set "resolvable-external-switching-scope.json" ('resolvable-external-switching-scope.json')
ok 36 - Eloquent\Schemer\Reference\ReferenceResolverTest::testResolveResolvableMetaSchema
ok 37 - Eloquent\Schemer\Reference\ReferenceResolverTest::testResolveResolvableJsonSchemaMetaSchema
ok 38 - Eloquent\Schemer\Reference\ReferenceResolverTest::testResolveResolvableRecursiveFucked
ok 39 - Eloquent\Schemer\Reference\ReferenceResolverTest::testResolveUnresolvableRecursiveInline
ok 40 - Eloquent\Schemer\Reference\ReferenceResolverTest::testResolveUnresolvableRecursiveExternal
ok 41 - Eloquent\Schemer\Reference\ResolutionScopeMapTest::testPointerByUri with data set "document root match" ('document root match')
ok 42 - Eloquent\Schemer\Reference\ResolutionScopeMapTest::testPointerByUri with data set "document root match with pointer-fragment" ('document root match with pointer-fragment')
ok 43 - Eloquent\Schemer\Reference\ResolutionScopeMapTest::testPointerByUri with data set "document root match with non-pointer fragment" ('document root match with non-pointer fragment')
ok 44 - Eloquent\Schemer\Reference\ResolutionScopeMapTest::testPointerByUri with data set "later overlapping pointer-fragment match ignored" ('later overlapping pointer-fragment match ignored')
ok 45 - Eloquent\Schemer\Reference\ResolutionScopeMapTest::testPointerByUri with data set "exact URI match" ('exact URI match')
ok 46 - Eloquent\Schemer\Reference\ResolutionScopeMapTest::testPointerByUri with data set "URI match with pointer-fragment" ('URI match with pointer-fragment')
ok 47 - Eloquent\Schemer\Reference\ResolutionScopeMapTest::testPointerByUri with data set "URI match with non-pointer fragment" ('URI match with non-pointer fragment')
ok 48 - Eloquent\Schemer\Reference\ResolutionScopeMapTest::testPointerByUri with data set "URI match with parent pointer-fragment" ('URI match with parent pointer-fragment')
ok 49 - Eloquent\Schemer\Reference\ResolutionScopeMapTest::testPointerByUri with data set "non match" ('non match')
ok 50 - Eloquent\Schemer\Reference\SwitchingResolutionScopeMapFactoryTest::testFactory with data set "unspecified-root.json" ('unspecified-root.json')
ok 51 - Eloquent\Schemer\Reference\SwitchingResolutionScopeMapFactoryTest::testFactory with data set "spec-example.json" ('spec-example.json')
ok 52 - Eloquent\Schemer\Uri\HttpUriTest::testValidScheme with data set #0 ('http')
ok 53 - Eloquent\Schemer\Uri\HttpUriTest::testValidScheme with data set #1 ('https')
ok 54 - Eloquent\Schemer\Uri\HttpUriTest::testValidScheme with data set #2 ('HTTP')
ok 55 - Eloquent\Schemer\Uri\HttpUriTest::testValidScheme with data set #3 ('Https')
ok 56 - Eloquent\Schemer\Uri\HttpUriTest::testInvalidScheme with data set #0 ('file')
ok 57 - Eloquent\Schemer\Uri\HttpUriTest::testInvalidScheme with data set #1 ('mailto')
ok 58 - Eloquent\Schemer\Uri\HttpUriTest::testInvalidScheme with data set #2 ('g')
ok 59 - Eloquent\Schemer\Uri\HttpUriTest::testInvalidScheme with data set #3 ('http:')
ok 60 - Eloquent\Schemer\Uri\HttpUriTest::testValidateSchemeInvalid with data set #0 ('file')
ok 61 - Eloquent\Schemer\Uri\HttpUriTest::testValidateSchemeInvalid with data set #1 ('mailto')
ok 62 - Eloquent\Schemer\Uri\HttpUriTest::testValidateSchemeInvalid with data set #2 ('g')
ok 63 - Eloquent\Schemer\Uri\HttpUriTest::testValidateSchemeInvalid with data set #3 ('http:')
ok 64 - Eloquent\Schemer\Uri\HttpUriTest::testValidateHost with data set #0 ('', false)
ok 65 - Eloquent\Schemer\Uri\HttpUriTest::testValidateHost with data set #1 ('http', true)
ok 66 - Eloquent\Schemer\Uri\HttpUriTest::testValidateHost with data set #2 ('http:', false)
ok 67 - Eloquent\Schemer\Uri\HttpUriTest::testValidateHost with data set #3 ('http:/', false)
ok 68 - Eloquent\Schemer\Uri\HttpUriTest::testValidateHost with data set #4 ('http://', false)
ok 69 - Eloquent\Schemer\Uri\HttpUriTest::testValidateHost with data set #5 ('http:///', false)
ok 70 - Eloquent\Schemer\Uri\HttpUriTest::testValidateHost with data set #6 ('http://www.example.org/', false)
ok 71 - Eloquent\Schemer\Uri\HttpUriTest::testValidateHost with data set #7 ('www.example.org:80', false)
ok 72 - Eloquent\Schemer\Uri\HttpUriTest::testValidateHost with data set #8 ('www.example.org', true)
ok 73 - Eloquent\Schemer\Uri\HttpUriTest::testValidateHost with data set #9 ('http://foo', false)
ok 74 - Eloquent\Schemer\Uri\HttpUriTest::testValidateHost with data set #10 ('foo', true)
ok 75 - Eloquent\Schemer\Uri\HttpUriTest::testValidateHost with data set #11 ('ftp://user:pass@example.org/', false)
ok 76 - Eloquent\Schemer\Uri\HttpUriTest::testValidateHost with data set #12 ('www.fi/', false)
ok 77 - Eloquent\Schemer\Uri\HttpUriTest::testValidateHost with data set #13 ('http://1.1.1.1/', false)
ok 78 - Eloquent\Schemer\Uri\HttpUriTest::testValidateHost with data set #14 ('1.1.1.1', true)
ok 79 - Eloquent\Schemer\Uri\HttpUriTest::testValidateHost with data set #15 ('1.256.1.1', true)
ok 80 - Eloquent\Schemer\Uri\HttpUriTest::testValidateHost with data set #16 ('http://[::1]/', false)
ok 81 - Eloquent\Schemer\Uri\HttpUriTest::testValidateHost with data set #17 ('[::1]', true)
ok 82 - Eloquent\Schemer\Uri\HttpUriTest::testValidateHost with data set #18 ('http://[2620:0:1cfe:face:b00c::3]/', false)
ok 83 - Eloquent\Schemer\Uri\HttpUriTest::testValidateHost with data set #19 ('[2620:0:1cfe:face:b00c::3]:80', false)
ok 84 - Eloquent\Schemer\Uri\HttpUriTest::testValidateHost with data set #20 ('[2620:0:1cfe:face:b00c::3]', true)
ok 85 - Eloquent\Schemer\Uri\HttpUriTest::testNormalizationRemovesPort with data set #0 ('http://www.example.com:80/foo/bar', 'http://www.example.com/foo/bar')
ok 86 - Eloquent\Schemer\Uri\HttpUriTest::testNormalizationRemovesPort with data set #1 ('http://www.example.com:1234/foo/bar', 'http://www.example.com:1234/foo/bar')
ok 87 - Eloquent\Schemer\Uri\HttpUriTest::testNormalizationRemovesPort with data set #2 ('https://www.example.com:443/foo/bar', 'https://www.example.com/foo/bar')
ok 88 - Eloquent\Schemer\Uri\HttpUriTest::testNormalizationRemovesPort with data set #3 ('https://www.example.com:80/foo/bar', 'https://www.example.com:80/foo/bar')
ok 89 - Eloquent\Schemer\Uri\HttpUriTest::testNormalizationRemovesPort with data set #4 ('http://www.example.com:443/foo/bar', 'http://www.example.com:443/foo/bar')
ok 90 - Eloquent\Schemer\Uri\HttpUriTest::testUserIsNullByDefaultWhenNoUserInfoIsProvided
ok 91 - Eloquent\Schemer\Uri\HttpUriTest::testPasswordIsNullByDefaultWhenNoUserInfoIsProvided
ok 92 - Eloquent\Schemer\Uri\HttpUriTest::testCanParseUsernameAndPasswordFromUriNotContainingPort
ok 93 - Eloquent\Schemer\Uri\HttpUriTest::testCanParseUsernameAndPasswordFromUriContainingPort
ok 94 - Eloquent\Schemer\Uri\HttpUriTest::testCanParseUsernameContainingAtMarkFromUri
ok 95 - Eloquent\Schemer\Uri\HttpUriTest::testCanParsePasswordContainingAtMarkFromUri
ok 96 - Eloquent\Schemer\Uri\HttpUriTest::testUserInfoCanOmitPassword
ok 97 - Eloquent\Schemer\Uri\HttpUriTest::testGetPortReturnsDefaultPortHttp
ok 98 - Eloquent\Schemer\Uri\HttpUriTest::testGetPortReturnsDefaultPortHttps
ok 99 - Eloquent\Schemer\Uri\HttpUriTest::testGetPortDoesntModifyUrlHttp
ok 100 - Eloquent\Schemer\Uri\HttpUriTest::testGetPortDoesntModifyUrlHttps
ok 101 - Eloquent\Schemer\Uri\HttpUriTest::testValidHostTypesWithUnderScore
ok 102 - Eloquent\Schemer\Uri\UriTest::testParseComposeUri with data set #0 ('a:b')
ok 103 - Eloquent\Schemer\Uri\UriTest::testParseComposeUri with data set #1 ('http://www.zend.com')
ok 104 - Eloquent\Schemer\Uri\UriTest::testParseComposeUri with data set #2 ('https://example.com:10082/foo/bar?query')
ok 105 - Eloquent\Schemer\Uri\UriTest::testParseComposeUri with data set #3 ('../relative/path')
ok 106 - Eloquent\Schemer\Uri\UriTest::testParseComposeUri with data set #4 ('?queryOnly')
ok 107 - Eloquent\Schemer\Uri\UriTest::testParseComposeUri with data set #5 ('#fragmentOnly')
ok 108 - Eloquent\Schemer\Uri\UriTest::testParseComposeUri with data set #6 ('#')
ok 109 - Eloquent\Schemer\Uri\UriTest::testParseComposeUri with data set #7 ('mailto:bob@example.com')
ok 110 - Eloquent\Schemer\Uri\UriTest::testParseComposeUri with data set #8 ('bob@example.com')
ok 111 - Eloquent\Schemer\Uri\UriTest::testParseComposeUri with data set #9 ('http://a_.!~*\'(-)n0123Di%25%26:pass;:&=+$,word@www.zend.com')
ok 112 - Eloquent\Schemer\Uri\UriTest::testParseComposeUri with data set #10 ('http://[FEDC:BA98:7654:3210:FEDC:BA98:7654:3210]:80/index.html')
ok 113 - Eloquent\Schemer\Uri\UriTest::testParseComposeUri with data set #11 ('http://[1080::8:800:200C:417A]/foo')
ok 114 - Eloquent\Schemer\Uri\UriTest::testParseComposeUri with data set #12 ('http://[::192.9.5.5]/ipng')
ok 115 - Eloquent\Schemer\Uri\UriTest::testParseComposeUri with data set #13 ('http://[::FFFF:129.144.52.38]:80/index.html')
ok 116 - Eloquent\Schemer\Uri\UriTest::testParseComposeUri with data set #14 ('http://[2620:0:1cfe:face:b00c::3]/')
ok 117 - Eloquent\Schemer\Uri\UriTest::testParseComposeUri with data set #15 ('http://[2010:836B:4179::836B:4179]')
ok 118 - Eloquent\Schemer\Uri\UriTest::testParseComposeUri with data set #16 ('http')
ok 119 - Eloquent\Schemer\Uri\UriTest::testParseComposeUri with data set #17 ('www.example.org:80')
ok 120 - Eloquent\Schemer\Uri\UriTest::testParseComposeUri with data set #18 ('www.example.org')
ok 121 - Eloquent\Schemer\Uri\UriTest::testParseComposeUri with data set #19 ('http://foo')
ok 122 - Eloquent\Schemer\Uri\UriTest::testParseComposeUri with data set #20 ('ftp://user:pass@example.org/')
ok 123 - Eloquent\Schemer\Uri\UriTest::testParseComposeUri with data set #21 ('www.fi/')
ok 124 - Eloquent\Schemer\Uri\UriTest::testParseComposeUri with data set #22 ('http://1.1.1.1/')
ok 125 - Eloquent\Schemer\Uri\UriTest::testParseComposeUri with data set #23 ('1.1.1.1')
ok 126 - Eloquent\Schemer\Uri\UriTest::testParseComposeUri with data set #24 ('1.256.1.1')
ok 127 - Eloquent\Schemer\Uri\UriTest::testParseComposeUri with data set #25 ('http://[::1]/')
ok 128 - Eloquent\Schemer\Uri\UriTest::testParseComposeUri with data set #26 ('file:/')
ok 129 - Eloquent\Schemer\Uri\UriTest::testParseComposeUri with data set #27 ('http:///')
ok 130 - Eloquent\Schemer\Uri\UriTest::testParseComposeUri with data set #28 ('http:::/foo')
ok 131 - Eloquent\Schemer\Uri\UriTest::testParseComposeUri with data set #29 ('2620:0:1cfe:face:b00c::3')
ok 132 - Eloquent\Schemer\Uri\UriTest::testComposeNewUriAndCastToString with data set #0 ('ht-tp://server/path?query', array('ht-tp', 'server', '/path', 'query'))
ok 133 - Eloquent\Schemer\Uri\UriTest::testComposeNewUriAndCastToString with data set #1 ('file:///foo/bar', array('file', '', '/foo/bar'))
ok 134 - Eloquent\Schemer\Uri\UriTest::testComposeNewUriAndCastToString with data set #2 ('http://dude:lebowski@example.com/#fr/ag?me.nt', array('http', 'dude:lebowski', 'example.com', '/', 'fr/ag?me.nt'))
ok 135 - Eloquent\Schemer\Uri\UriTest::testComposeNewUriAndCastToString with data set #3 ('/relative/path', array('/relative/path'))
ok 136 - Eloquent\Schemer\Uri\UriTest::testComposeNewUriAndCastToString with data set #4 ('ftp://example.com:5555', array('ftp', 'example.com', 5555, ''))
ok 137 - Eloquent\Schemer\Uri\UriTest::testComposeNewUriAndCastToString with data set #5 ('http://example.com/foo//bar/baz//fob/', array('http', 'example.com', '/foo//bar/baz//fob/'))
ok 138 - Eloquent\Schemer\Uri\UriTest::testComposeNewUriAndCastToString with data set #6 ('/#', array('/', ''))
ok 139 - Eloquent\Schemer\Uri\UriTest::testParseScheme with data set #0 ('ht-tp://server/path?query', array('ht-tp', 'server', '/path', 'query'))
ok 140 - Eloquent\Schemer\Uri\UriTest::testParseScheme with data set #1 ('file:///foo/bar', array('file', '', '/foo/bar'))
ok 141 - Eloquent\Schemer\Uri\UriTest::testParseScheme with data set #2 ('http://dude:lebowski@example.com/#fr/ag?me.nt', array('http', 'dude:lebowski', 'example.com', '/', 'fr/ag?me.nt'))
ok 142 - Eloquent\Schemer\Uri\UriTest::testParseScheme with data set #3 ('/relative/path', array('/relative/path'))
ok 143 - Eloquent\Schemer\Uri\UriTest::testParseScheme with data set #4 ('ftp://example.com:5555', array('ftp', 'example.com', 5555, ''))
ok 144 - Eloquent\Schemer\Uri\UriTest::testParseScheme with data set #5 ('http://example.com/foo//bar/baz//fob/', array('http', 'example.com', '/foo//bar/baz//fob/'))
ok 145 - Eloquent\Schemer\Uri\UriTest::testParseScheme with data set #6 ('/#', array('/', ''))
ok 146 - Eloquent\Schemer\Uri\UriTest::testParseSchemeInvalidInput with data set #0 (http://foo.bar)
ok 147 - Eloquent\Schemer\Uri\UriTest::testParseSchemeInvalidInput with data set #1 (NULL)
ok 148 - Eloquent\Schemer\Uri\UriTest::testParseSchemeInvalidInput with data set #2 (12)
ok 149 - Eloquent\Schemer\Uri\UriTest::testParseSchemeInvalidInput with data set #3 (array('http', 'example.com'))
ok 150 - Eloquent\Schemer\Uri\UriTest::testMagicToStringEmptyIfInvalid with data set #0 ()
ok 151 - Eloquent\Schemer\Uri\UriTest::testMagicToStringEmptyIfInvalid with data set #1 ()
ok 152 - Eloquent\Schemer\Uri\UriTest::testMagicToStringEmptyIfInvalid with data set #2 ()
ok 153 - Eloquent\Schemer\Uri\UriTest::testMagicToStringEmptyIfInvalid with data set #3 ()
ok 154 - Eloquent\Schemer\Uri\UriTest::testToStringThrowsExceptionIfInvalid with data set #0 ()
ok 155 - Eloquent\Schemer\Uri\UriTest::testToStringThrowsExceptionIfInvalid with data set #1 ()
ok 156 - Eloquent\Schemer\Uri\UriTest::testToStringThrowsExceptionIfInvalid with data set #2 ()
ok 157 - Eloquent\Schemer\Uri\UriTest::testToStringThrowsExceptionIfInvalid with data set #3 ()
ok 158 - Eloquent\Schemer\Uri\UriTest::testCanParseMalformedUrlZF11286
ok 159 - Eloquent\Schemer\Uri\UriTest::testGetScheme with data set #0 ('ht-tp://server/path?query', array('ht-tp', 'server', '/path', 'query'))
ok 160 - Eloquent\Schemer\Uri\UriTest::testGetScheme with data set #1 ('file:///foo/bar', array('file', '', '/foo/bar'))
ok 161 - Eloquent\Schemer\Uri\UriTest::testGetScheme with data set #2 ('http://dude:lebowski@example.com/#fr/ag?me.nt', array('http', 'dude:lebowski', 'example.com', '/', 'fr/ag?me.nt'))
ok 162 - Eloquent\Schemer\Uri\UriTest::testGetScheme with data set #3 ('/relative/path', array('/relative/path'))
ok 163 - Eloquent\Schemer\Uri\UriTest::testGetScheme with data set #4 ('ftp://example.com:5555', array('ftp', 'example.com', 5555, ''))
ok 164 - Eloquent\Schemer\Uri\UriTest::testGetScheme with data set #5 ('http://example.com/foo//bar/baz//fob/', array('http', 'example.com', '/foo//bar/baz//fob/'))
ok 165 - Eloquent\Schemer\Uri\UriTest::testGetScheme with data set #6 ('/#', array('/', ''))
ok 166 - Eloquent\Schemer\Uri\UriTest::testGetUserInfo with data set #0 ('ht-tp://server/path?query', array('ht-tp', 'server', '/path', 'query'))
ok 167 - Eloquent\Schemer\Uri\UriTest::testGetUserInfo with data set #1 ('file:///foo/bar', array('file', '', '/foo/bar'))
ok 168 - Eloquent\Schemer\Uri\UriTest::testGetUserInfo with data set #2 ('http://dude:lebowski@example.com/#fr/ag?me.nt', array('http', 'dude:lebowski', 'example.com', '/', 'fr/ag?me.nt'))
ok 169 - Eloquent\Schemer\Uri\UriTest::testGetUserInfo with data set #3 ('/relative/path', array('/relative/path'))
ok 170 - Eloquent\Schemer\Uri\UriTest::testGetUserInfo with data set #4 ('ftp://example.com:5555', array('ftp', 'example.com', 5555, ''))
ok 171 - Eloquent\Schemer\Uri\UriTest::testGetUserInfo with data set #5 ('http://example.com/foo//bar/baz//fob/', array('http', 'example.com', '/foo//bar/baz//fob/'))
ok 172 - Eloquent\Schemer\Uri\UriTest::testGetUserInfo with data set #6 ('/#', array('/', ''))
ok 173 - Eloquent\Schemer\Uri\UriTest::testGetHost with data set #0 ('ht-tp://server/path?query', array('ht-tp', 'server', '/path', 'query'))
ok 174 - Eloquent\Schemer\Uri\UriTest::testGetHost with data set #1 ('file:///foo/bar', array('file', '', '/foo/bar'))
ok 175 - Eloquent\Schemer\Uri\UriTest::testGetHost with data set #2 ('http://dude:lebowski@example.com/#fr/ag?me.nt', array('http', 'dude:lebowski', 'example.com', '/', 'fr/ag?me.nt'))
ok 176 - Eloquent\Schemer\Uri\UriTest::testGetHost with data set #3 ('/relative/path', array('/relative/path'))
ok 177 - Eloquent\Schemer\Uri\UriTest::testGetHost with data set #4 ('ftp://example.com:5555', array('ftp', 'example.com', 5555, ''))
ok 178 - Eloquent\Schemer\Uri\UriTest::testGetHost with data set #5 ('http://example.com/foo//bar/baz//fob/', array('http', 'example.com', '/foo//bar/baz//fob/'))
ok 179 - Eloquent\Schemer\Uri\UriTest::testGetHost with data set #6 ('/#', array('/', ''))
ok 180 - Eloquent\Schemer\Uri\UriTest::testGetPort with data set #0 ('ht-tp://server/path?query', array('ht-tp', 'server', '/path', 'query'))
ok 181 - Eloquent\Schemer\Uri\UriTest::testGetPort with data set #1 ('file:///foo/bar', array('file', '', '/foo/bar'))
ok 182 - Eloquent\Schemer\Uri\UriTest::testGetPort with data set #2 ('http://dude:lebowski@example.com/#fr/ag?me.nt', array('http', 'dude:lebowski', 'example.com', '/', 'fr/ag?me.nt'))
ok 183 - Eloquent\Schemer\Uri\UriTest::testGetPort with data set #3 ('/relative/path', array('/relative/path'))
ok 184 - Eloquent\Schemer\Uri\UriTest::testGetPort with data set #4 ('ftp://example.com:5555', array('ftp', 'example.com', 5555, ''))
ok 185 - Eloquent\Schemer\Uri\UriTest::testGetPort with data set #5 ('http://example.com/foo//bar/baz//fob/', array('http', 'example.com', '/foo//bar/baz//fob/'))
ok 186 - Eloquent\Schemer\Uri\UriTest::testGetPort with data set #6 ('/#', array('/', ''))
ok 187 - Eloquent\Schemer\Uri\UriTest::testGetPath with data set #0 ('ht-tp://server/path?query', array('ht-tp', 'server', '/path', 'query'))
ok 188 - Eloquent\Schemer\Uri\UriTest::testGetPath with data set #1 ('file:///foo/bar', array('file', '', '/foo/bar'))
ok 189 - Eloquent\Schemer\Uri\UriTest::testGetPath with data set #2 ('http://dude:lebowski@example.com/#fr/ag?me.nt', array('http', 'dude:lebowski', 'example.com', '/', 'fr/ag?me.nt'))
ok 190 - Eloquent\Schemer\Uri\UriTest::testGetPath with data set #3 ('/relative/path', array('/relative/path'))
ok 191 - Eloquent\Schemer\Uri\UriTest::testGetPath with data set #4 ('ftp://example.com:5555', array('ftp', 'example.com', 5555, ''))
ok 192 - Eloquent\Schemer\Uri\UriTest::testGetPath with data set #5 ('http://example.com/foo//bar/baz//fob/', array('http', 'example.com', '/foo//bar/baz//fob/'))
ok 193 - Eloquent\Schemer\Uri\UriTest::testGetPath with data set #6 ('/#', array('/', ''))
ok 194 - Eloquent\Schemer\Uri\UriTest::testGetQuery with data set #0 ('ht-tp://server/path?query', array('ht-tp', 'server', '/path', 'query'))
ok 195 - Eloquent\Schemer\Uri\UriTest::testGetQuery with data set #1 ('file:///foo/bar', array('file', '', '/foo/bar'))
ok 196 - Eloquent\Schemer\Uri\UriTest::testGetQuery with data set #2 ('http://dude:lebowski@example.com/#fr/ag?me.nt', array('http', 'dude:lebowski', 'example.com', '/', 'fr/ag?me.nt'))
ok 197 - Eloquent\Schemer\Uri\UriTest::testGetQuery with data set #3 ('/relative/path', array('/relative/path'))
ok 198 - Eloquent\Schemer\Uri\UriTest::testGetQuery with data set #4 ('ftp://example.com:5555', array('ftp', 'example.com', 5555, ''))
ok 199 - Eloquent\Schemer\Uri\UriTest::testGetQuery with data set #5 ('http://example.com/foo//bar/baz//fob/', array('http', 'example.com', '/foo//bar/baz//fob/'))
ok 200 - Eloquent\Schemer\Uri\UriTest::testGetQuery with data set #6 ('/#', array('/', ''))
ok 201 - Eloquent\Schemer\Uri\UriTest::testGetQueryAsArrayReturnsCorrectArray
ok 202 - Eloquent\Schemer\Uri\UriTest::testGetFragment with data set #0 ('ht-tp://server/path?query', array('ht-tp', 'server', '/path', 'query'))
ok 203 - Eloquent\Schemer\Uri\UriTest::testGetFragment with data set #1 ('file:///foo/bar', array('file', '', '/foo/bar'))
ok 204 - Eloquent\Schemer\Uri\UriTest::testGetFragment with data set #2 ('http://dude:lebowski@example.com/#fr/ag?me.nt', array('http', 'dude:lebowski', 'example.com', '/', 'fr/ag?me.nt'))
ok 205 - Eloquent\Schemer\Uri\UriTest::testGetFragment with data set #3 ('/relative/path', array('/relative/path'))
ok 206 - Eloquent\Schemer\Uri\UriTest::testGetFragment with data set #4 ('ftp://example.com:5555', array('ftp', 'example.com', 5555, ''))
ok 207 - Eloquent\Schemer\Uri\UriTest::testGetFragment with data set #5 ('http://example.com/foo//bar/baz//fob/', array('http', 'example.com', '/foo//bar/baz//fob/'))
ok 208 - Eloquent\Schemer\Uri\UriTest::testGetFragment with data set #6 ('/#', array('/', ''))
ok 209 - Eloquent\Schemer\Uri\UriTest::testSetSchemeNull
ok 210 - Eloquent\Schemer\Uri\UriTest::testSetSchemeValid with data set #0 ('http')
ok 211 - Eloquent\Schemer\Uri\UriTest::testSetSchemeValid with data set #1 ('HTTP')
ok 212 - Eloquent\Schemer\Uri\UriTest::testSetSchemeValid with data set #2 ('File')
ok 213 - Eloquent\Schemer\Uri\UriTest::testSetSchemeValid with data set #3 ('h')
ok 214 - Eloquent\Schemer\Uri\UriTest::testSetSchemeValid with data set #4 ('h2')
ok 215 - Eloquent\Schemer\Uri\UriTest::testSetSchemeValid with data set #5 ('a+b')
ok 216 - Eloquent\Schemer\Uri\UriTest::testSetSchemeValid with data set #6 ('k-')
ok 217 - Eloquent\Schemer\Uri\UriTest::testSetInvalidScheme with data set #0 ('ht tp')
ok 218 - Eloquent\Schemer\Uri\UriTest::testSetInvalidScheme with data set #1 ('htp_p')
ok 219 - Eloquent\Schemer\Uri\UriTest::testSetInvalidScheme with data set #2 ('-tp')
ok 220 - Eloquent\Schemer\Uri\UriTest::testSetInvalidScheme with data set #3 ('22c')
ok 221 - Eloquent\Schemer\Uri\UriTest::testSetInvalidScheme with data set #4 ('h%acp')
ok 222 - Eloquent\Schemer\Uri\UriTest::testSetGetValidHost with data set #0 ('10.1.2.3')
ok 223 - Eloquent\Schemer\Uri\UriTest::testSetGetValidHost with data set #1 ('127.0.0.1')
ok 224 - Eloquent\Schemer\Uri\UriTest::testSetGetValidHost with data set #2 ('0.0.0.0')
ok 225 - Eloquent\Schemer\Uri\UriTest::testSetGetValidHost with data set #3 ('255.255.255.255')
ok 226 - Eloquent\Schemer\Uri\UriTest::testSetGetValidHost with data set #4 ('[2001:0db8:85a3:0000:0000:8a2e:0370:7334]')
ok 227 - Eloquent\Schemer\Uri\UriTest::testSetGetValidHost with data set #5 ('[2001:db8:85a3:0:0:8a2e:370:7334]')
ok 228 - Eloquent\Schemer\Uri\UriTest::testSetGetValidHost with data set #6 ('[2001:db8:85a3::8a2e:370:7334]')
ok 229 - Eloquent\Schemer\Uri\UriTest::testSetGetValidHost with data set #7 ('[0:0:0:0:0:0:0:1]')
ok 230 - Eloquent\Schemer\Uri\UriTest::testSetGetValidHost with data set #8 ('[::1]')
ok 231 - Eloquent\Schemer\Uri\UriTest::testSetGetValidHost with data set #9 ('[2001:0db8:85a3:08d3:1319:8a2e:0370:7348]')
ok 232 - Eloquent\Schemer\Uri\UriTest::testSetGetValidHost with data set #10 ('www.example.com')
ok 233 - Eloquent\Schemer\Uri\UriTest::testSetGetValidHost with data set #11 ('zend.com')
ok 234 - Eloquent\Schemer\Uri\UriTest::testSetGetValidHost with data set #12 ('php-israel.org')
ok 235 - Eloquent\Schemer\Uri\UriTest::testSetGetValidHost with data set #13 ('arr.gr')
ok 236 - Eloquent\Schemer\Uri\UriTest::testSetGetValidHost with data set #14 ('localhost')
ok 237 - Eloquent\Schemer\Uri\UriTest::testSetGetValidHost with data set #15 ('loca.host')
ok 238 - Eloquent\Schemer\Uri\UriTest::testSetGetValidHost with data set #16 ('zend-framework.test')
ok 239 - Eloquent\Schemer\Uri\UriTest::testSetGetValidHost with data set #17 ('a.b.c.d')
ok 240 - Eloquent\Schemer\Uri\UriTest::testSetGetValidHost with data set #18 ('a1.b2.c3.d4')
ok 241 - Eloquent\Schemer\Uri\UriTest::testSetGetValidHost with data set #19 ('some-domain-with-dashes')
ok 242 - Eloquent\Schemer\Uri\UriTest::testSetGetValidHost with data set #20 ('some~unre_served.ch4r5')
ok 243 - Eloquent\Schemer\Uri\UriTest::testSetGetValidHost with data set #21 ('pct.%D7%A9%D7%97%D7%A8%20%D7%94%D7%92%D7%93%D7%95%D7%9C.co.il')
ok 244 - Eloquent\Schemer\Uri\UriTest::testSetGetValidHost with data set #22 ('sub-delims-!$&\'()*+,;=.are.ok')
ok 245 - Eloquent\Schemer\Uri\UriTest::testSetGetValidHost with data set #23 ('%2F%3A')
ok 246 - Eloquent\Schemer\Uri\UriTest::testSetInvalidHost with data set #0 ('with space')
ok 247 - Eloquent\Schemer\Uri\UriTest::testSetInvalidHost with data set #1 ('[]')
ok 248 - Eloquent\Schemer\Uri\UriTest::testSetInvalidHost with data set #2 ('[12:34')
ok 249 - Eloquent\Schemer\Uri\UriTest::testSetNullHost
ok 250 - Eloquent\Schemer\Uri\UriTest::testSetQueryFromArray with data set #0 (array('bar', 'waka'), 'foo=bar&baz=waka')
ok 251 - Eloquent\Schemer\Uri\UriTest::testSetQueryFromArray with data set #1 (array('some crazy value?!#[]', ''), 'some%20key=some%20crazy%20value%3F%21%23%5B%5D&1=')
ok 252 - Eloquent\Schemer\Uri\UriTest::testSetQueryFromArray with data set #2 (array(array('foo', 'bar', 'baz'), 1234), 'array%5B0%5D=foo&array%5B1%5D=bar&array%5B2%5D=baz&otherstuff%5B%5D=1234')
ok 253 - Eloquent\Schemer\Uri\UriTest::testValidUriIsValid with data set #0 ('a:b')
ok 254 - Eloquent\Schemer\Uri\UriTest::testValidUriIsValid with data set #1 ('http://www.zend.com')
ok 255 - Eloquent\Schemer\Uri\UriTest::testValidUriIsValid with data set #2 ('https://example.com:10082/foo/bar?query')
ok 256 - Eloquent\Schemer\Uri\UriTest::testValidUriIsValid with data set #3 ('../relative/path')
ok 257 - Eloquent\Schemer\Uri\UriTest::testValidUriIsValid with data set #4 ('?queryOnly')
ok 258 - Eloquent\Schemer\Uri\UriTest::testValidUriIsValid with data set #5 ('#fragmentOnly')
ok 259 - Eloquent\Schemer\Uri\UriTest::testValidUriIsValid with data set #6 ('#')
ok 260 - Eloquent\Schemer\Uri\UriTest::testValidUriIsValid with data set #7 ('mailto:bob@example.com')
ok 261 - Eloquent\Schemer\Uri\UriTest::testValidUriIsValid with data set #8 ('bob@example.com')
ok 262 - Eloquent\Schemer\Uri\UriTest::testValidUriIsValid with data set #9 ('http://a_.!~*\'(-)n0123Di%25%26:pass;:&=+$,word@www.zend.com')
ok 263 - Eloquent\Schemer\Uri\UriTest::testValidUriIsValid with data set #10 ('http://[FEDC:BA98:7654:3210:FEDC:BA98:7654:3210]:80/index.html')
ok 264 - Eloquent\Schemer\Uri\UriTest::testValidUriIsValid with data set #11 ('http://[1080::8:800:200C:417A]/foo')
ok 265 - Eloquent\Schemer\Uri\UriTest::testValidUriIsValid with data set #12 ('http://[::192.9.5.5]/ipng')
ok 266 - Eloquent\Schemer\Uri\UriTest::testValidUriIsValid with data set #13 ('http://[::FFFF:129.144.52.38]:80/index.html')
ok 267 - Eloquent\Schemer\Uri\UriTest::testValidUriIsValid with data set #14 ('http://[2620:0:1cfe:face:b00c::3]/')
ok 268 - Eloquent\Schemer\Uri\UriTest::testValidUriIsValid with data set #15 ('http://[2010:836B:4179::836B:4179]')
ok 269 - Eloquent\Schemer\Uri\UriTest::testValidUriIsValid with data set #16 ('http')
ok 270 - Eloquent\Schemer\Uri\UriTest::testValidUriIsValid with data set #17 ('www.example.org:80')
ok 271 - Eloquent\Schemer\Uri\UriTest::testValidUriIsValid with data set #18 ('www.example.org')
ok 272 - Eloquent\Schemer\Uri\UriTest::testValidUriIsValid with data set #19 ('http://foo')
ok 273 - Eloquent\Schemer\Uri\UriTest::testValidUriIsValid with data set #20 ('ftp://user:pass@example.org/')
ok 274 - Eloquent\Schemer\Uri\UriTest::testValidUriIsValid with data set #21 ('www.fi/')
ok 275 - Eloquent\Schemer\Uri\UriTest::testValidUriIsValid with data set #22 ('http://1.1.1.1/')
ok 276 - Eloquent\Schemer\Uri\UriTest::testValidUriIsValid with data set #23 ('1.1.1.1')
ok 277 - Eloquent\Schemer\Uri\UriTest::testValidUriIsValid with data set #24 ('1.256.1.1')
ok 278 - Eloquent\Schemer\Uri\UriTest::testValidUriIsValid with data set #25 ('http://[::1]/')
ok 279 - Eloquent\Schemer\Uri\UriTest::testValidUriIsValid with data set #26 ('file:/')
ok 280 - Eloquent\Schemer\Uri\UriTest::testValidUriIsValid with data set #27 ('http:///')
ok 281 - Eloquent\Schemer\Uri\UriTest::testValidUriIsValid with data set #28 ('http:::/foo')
ok 282 - Eloquent\Schemer\Uri\UriTest::testValidUriIsValid with data set #29 ('2620:0:1cfe:face:b00c::3')
ok 283 - Eloquent\Schemer\Uri\UriTest::testValidRelativeUriIsValid with data set #0 ('foo/bar?query')
ok 284 - Eloquent\Schemer\Uri\UriTest::testValidRelativeUriIsValid with data set #1 ('../relative/path')
ok 285 - Eloquent\Schemer\Uri\UriTest::testValidRelativeUriIsValid with data set #2 ('?queryOnly')
ok 286 - Eloquent\Schemer\Uri\UriTest::testValidRelativeUriIsValid with data set #3 ('#fragmentOnly')
ok 287 - Eloquent\Schemer\Uri\UriTest::testValidRelativeUriIsValid with data set #4 ('#')
ok 288 - Eloquent\Schemer\Uri\UriTest::testInvalidUriIsInvalid with data set #0 ()
ok 289 - Eloquent\Schemer\Uri\UriTest::testInvalidUriIsInvalid with data set #1 ()
ok 290 - Eloquent\Schemer\Uri\UriTest::testInvalidUriIsInvalid with data set #2 ()
ok 291 - Eloquent\Schemer\Uri\UriTest::testInvalidUriIsInvalid with data set #3 ()
ok 292 - Eloquent\Schemer\Uri\UriTest::testInvalidRelativeUriIsInvalid with data set #0 ()
ok 293 - Eloquent\Schemer\Uri\UriTest::testInvalidRelativeUriIsInvalid with data set #1 ()
ok 294 - Eloquent\Schemer\Uri\UriTest::testInvalidRelativeUriIsInvalid with data set #2 ()
ok 295 - Eloquent\Schemer\Uri\UriTest::testInvalidRelativeUriIsInvalid with data set #3 ()
ok 296 - Eloquent\Schemer\Uri\UriTest::testInvalidRelativeUriIsInvalid with data set #4 ()
ok 297 - Eloquent\Schemer\Uri\UriTest::testInvalidRelativeUriIsInvalid with data set #5 (//example.com)
ok 298 - Eloquent\Schemer\Uri\UriTest::testValidateSchemeValid with data set #0 ('http')
ok 299 - Eloquent\Schemer\Uri\UriTest::testValidateSchemeValid with data set #1 ('HTTP')
ok 300 - Eloquent\Schemer\Uri\UriTest::testValidateSchemeValid with data set #2 ('File')
ok 301 - Eloquent\Schemer\Uri\UriTest::testValidateSchemeValid with data set #3 ('h')
ok 302 - Eloquent\Schemer\Uri\UriTest::testValidateSchemeValid with data set #4 ('h2')
ok 303 - Eloquent\Schemer\Uri\UriTest::testValidateSchemeValid with data set #5 ('a+b')
ok 304 - Eloquent\Schemer\Uri\UriTest::testValidateSchemeValid with data set #6 ('k-')
ok 305 - Eloquent\Schemer\Uri\UriTest::testValidateSchemeInvalid with data set #0 ('ht tp')
ok 306 - Eloquent\Schemer\Uri\UriTest::testValidateSchemeInvalid with data set #1 ('htp_p')
ok 307 - Eloquent\Schemer\Uri\UriTest::testValidateSchemeInvalid with data set #2 ('-tp')
ok 308 - Eloquent\Schemer\Uri\UriTest::testValidateSchemeInvalid with data set #3 ('22c')
ok 309 - Eloquent\Schemer\Uri\UriTest::testValidateSchemeInvalid with data set #4 ('h%acp')
ok 310 - Eloquent\Schemer\Uri\UriTest::testValidateHostValid with data set #0 ('10.1.2.3')
ok 311 - Eloquent\Schemer\Uri\UriTest::testValidateHostValid with data set #1 ('127.0.0.1')
ok 312 - Eloquent\Schemer\Uri\UriTest::testValidateHostValid with data set #2 ('0.0.0.0')
ok 313 - Eloquent\Schemer\Uri\UriTest::testValidateHostValid with data set #3 ('255.255.255.255')
ok 314 - Eloquent\Schemer\Uri\UriTest::testValidateHostValid with data set #4 ('[2001:0db8:85a3:0000:0000:8a2e:0370:7334]')
ok 315 - Eloquent\Schemer\Uri\UriTest::testValidateHostValid with data set #5 ('[2001:db8:85a3:0:0:8a2e:370:7334]')
ok 316 - Eloquent\Schemer\Uri\UriTest::testValidateHostValid with data set #6 ('[2001:db8:85a3::8a2e:370:7334]')
ok 317 - Eloquent\Schemer\Uri\UriTest::testValidateHostValid with data set #7 ('[0:0:0:0:0:0:0:1]')
ok 318 - Eloquent\Schemer\Uri\UriTest::testValidateHostValid with data set #8 ('[::1]')
ok 319 - Eloquent\Schemer\Uri\UriTest::testValidateHostValid with data set #9 ('[2001:0db8:85a3:08d3:1319:8a2e:0370:7348]')
ok 320 - Eloquent\Schemer\Uri\UriTest::testValidateHostValid with data set #10 ('www.example.com')
ok 321 - Eloquent\Schemer\Uri\UriTest::testValidateHostValid with data set #11 ('zend.com')
ok 322 - Eloquent\Schemer\Uri\UriTest::testValidateHostValid with data set #12 ('php-israel.org')
ok 323 - Eloquent\Schemer\Uri\UriTest::testValidateHostValid with data set #13 ('arr.gr')
ok 324 - Eloquent\Schemer\Uri\UriTest::testValidateHostValid with data set #14 ('localhost')
ok 325 - Eloquent\Schemer\Uri\UriTest::testValidateHostValid with data set #15 ('loca.host')
ok 326 - Eloquent\Schemer\Uri\UriTest::testValidateHostValid with data set #16 ('zend-framework.test')
ok 327 - Eloquent\Schemer\Uri\UriTest::testValidateHostValid with data set #17 ('a.b.c.d')
ok 328 - Eloquent\Schemer\Uri\UriTest::testValidateHostValid with data set #18 ('a1.b2.c3.d4')
ok 329 - Eloquent\Schemer\Uri\UriTest::testValidateHostValid with data set #19 ('some-domain-with-dashes')
ok 330 - Eloquent\Schemer\Uri\UriTest::testValidateHostValid with data set #20 ('some~unre_served.ch4r5')
ok 331 - Eloquent\Schemer\Uri\UriTest::testValidateHostValid with data set #21 ('pct.%D7%A9%D7%97%D7%A8%20%D7%94%D7%92%D7%93%D7%95%D7%9C.co.il')
ok 332 - Eloquent\Schemer\Uri\UriTest::testValidateHostValid with data set #22 ('sub-delims-!$&\'()*+,;=.are.ok')
ok 333 - Eloquent\Schemer\Uri\UriTest::testValidateHostValid with data set #23 ('%2F%3A')
ok 334 - Eloquent\Schemer\Uri\UriTest::testValidateHostInvalid with data set #0 ('with space')
ok 335 - Eloquent\Schemer\Uri\UriTest::testValidateHostInvalid with data set #1 ('[]')
ok 336 - Eloquent\Schemer\Uri\UriTest::testValidateHostInvalid with data set #2 ('[12:34')
ok 337 - Eloquent\Schemer\Uri\UriTest::testValidatePathValid with data set #0 ('')
ok 338 - Eloquent\Schemer\Uri\UriTest::testValidatePathValid with data set #1 ('/')
ok 339 - Eloquent\Schemer\Uri\UriTest::testValidatePathValid with data set #2 (':')
ok 340 - Eloquent\Schemer\Uri\UriTest::testValidatePathValid with data set #3 ('/foo/bar')
ok 341 - Eloquent\Schemer\Uri\UriTest::testValidatePathValid with data set #4 ('foo/bar')
ok 342 - Eloquent\Schemer\Uri\UriTest::testValidatePathValid with data set #5 ('/foo;arg2=1&arg2=2/bar;baz/bla')
ok 343 - Eloquent\Schemer\Uri\UriTest::testValidatePathValid with data set #6 ('foo')
ok 344 - Eloquent\Schemer\Uri\UriTest::testValidatePathValid with data set #7 ('example.com')
ok 345 - Eloquent\Schemer\Uri\UriTest::testValidatePathValid with data set #8 ('some-path')
ok 346 - Eloquent\Schemer\Uri\UriTest::testValidatePathValid with data set #9 ('foo:bar')
ok 347 - Eloquent\Schemer\Uri\UriTest::testValidatePathValid with data set #10 ('C:/Program%20Files/Zend')
ok 348 - Eloquent\Schemer\Uri\UriTest::testValidatePathInvalid with data set #0 ('?', '%3F')
ok 349 - Eloquent\Schemer\Uri\UriTest::testValidatePathInvalid with data set #1 ('/#', '/%23')
ok 350 - Eloquent\Schemer\Uri\UriTest::testValidatePathInvalid with data set #2 ('Giri%C5%9F Sayfas%C4%B1.aspx', 'Giri%C5%9F%20Sayfas%C4%B1.aspx')
ok 351 - Eloquent\Schemer\Uri\UriTest::testEncodePathValid with data set #0 ('')
ok 352 - Eloquent\Schemer\Uri\UriTest::testEncodePathValid with data set #1 ('/')
ok 353 - Eloquent\Schemer\Uri\UriTest::testEncodePathValid with data set #2 (':')
ok 354 - Eloquent\Schemer\Uri\UriTest::testEncodePathValid with data set #3 ('/foo/bar')
ok 355 - Eloquent\Schemer\Uri\UriTest::testEncodePathValid with data set #4 ('foo/bar')
ok 356 - Eloquent\Schemer\Uri\UriTest::testEncodePathValid with data set #5 ('/foo;arg2=1&arg2=2/bar;baz/bla')
ok 357 - Eloquent\Schemer\Uri\UriTest::testEncodePathValid with data set #6 ('foo')
ok 358 - Eloquent\Schemer\Uri\UriTest::testEncodePathValid with data set #7 ('example.com')
ok 359 - Eloquent\Schemer\Uri\UriTest::testEncodePathValid with data set #8 ('some-path')
ok 360 - Eloquent\Schemer\Uri\UriTest::testEncodePathValid with data set #9 ('foo:bar')
ok 361 - Eloquent\Schemer\Uri\UriTest::testEncodePathValid with data set #10 ('C:/Program%20Files/Zend')
ok 362 - Eloquent\Schemer\Uri\UriTest::testEncodePathInvalid with data set #0 ('?', '%3F')
ok 363 - Eloquent\Schemer\Uri\UriTest::testEncodePathInvalid with data set #1 ('/#', '/%23')
ok 364 - Eloquent\Schemer\Uri\UriTest::testEncodePathInvalid with data set #2 ('Giri%C5%9F Sayfas%C4%B1.aspx', 'Giri%C5%9F%20Sayfas%C4%B1.aspx')
ok 365 - Eloquent\Schemer\Uri\UriTest::testValidQueryFragment with data set #0 ('a=1&b=2&c=3&d=4')
ok 366 - Eloquent\Schemer\Uri\UriTest::testValidQueryFragment with data set #1 ('with?questionmark/andslash')
ok 367 - Eloquent\Schemer\Uri\UriTest::testValidQueryFragment with data set #2 ('id=123&url=http://example.com/?bar=foo+baz')
ok 368 - Eloquent\Schemer\Uri\UriTest::testValidQueryFragment with data set #3 ('with%20%0Aline%20break')
ok 369 - Eloquent\Schemer\Uri\UriTest::testValidQueryFragment with data set #4 ('')
ok 370 - Eloquent\Schemer\Uri\UriTest::testInvalidQueryFragment with data set #0 ('with#pound', 'with%23pound')
ok 371 - Eloquent\Schemer\Uri\UriTest::testInvalidQueryFragment with data set #1 ('with space', 'with%20space')
ok 372 - Eloquent\Schemer\Uri\UriTest::testInvalidQueryFragment with data set #2 ('test=a&var[]=1&var[]=2&some[thing]=3', 'test=a&var%5B%5D=1&var%5B%5D=2&some%5Bthing%5D=3')
ok 373 - Eloquent\Schemer\Uri\UriTest::testInvalidQueryFragment with data set #3 ('with 
line break', 'with%20%0Aline%20break')
ok 374 - Eloquent\Schemer\Uri\UriTest::testInvalidQueryFragment with data set #4 ('with%percent', 'with%25percent')
ok 375 - Eloquent\Schemer\Uri\UriTest::testEncodeInvalidQueryFragment with data set #0 ('with#pound', 'with%23pound')
ok 376 - Eloquent\Schemer\Uri\UriTest::testEncodeInvalidQueryFragment with data set #1 ('with space', 'with%20space')
ok 377 - Eloquent\Schemer\Uri\UriTest::testEncodeInvalidQueryFragment with data set #2 ('test=a&var[]=1&var[]=2&some[thing]=3', 'test=a&var%5B%5D=1&var%5B%5D=2&some%5Bthing%5D=3')
ok 378 - Eloquent\Schemer\Uri\UriTest::testEncodeInvalidQueryFragment with data set #3 ('with 
line break', 'with%20%0Aline%20break')
ok 379 - Eloquent\Schemer\Uri\UriTest::testEncodeInvalidQueryFragment with data set #4 ('with%percent', 'with%25percent')
ok 380 - Eloquent\Schemer\Uri\UriTest::testEncodeValidQueryFragment with data set #0 ('a=1&b=2&c=3&d=4')
ok 381 - Eloquent\Schemer\Uri\UriTest::testEncodeValidQueryFragment with data set #1 ('with?questionmark/andslash')
ok 382 - Eloquent\Schemer\Uri\UriTest::testEncodeValidQueryFragment with data set #2 ('id=123&url=http://example.com/?bar=foo+baz')
ok 383 - Eloquent\Schemer\Uri\UriTest::testEncodeValidQueryFragment with data set #3 ('with%20%0Aline%20break')
ok 384 - Eloquent\Schemer\Uri\UriTest::testEncodeValidQueryFragment with data set #4 ('')
ok 385 - Eloquent\Schemer\Uri\UriTest::testValidateUserInfoValid with data set #0 ('user:')
ok 386 - Eloquent\Schemer\Uri\UriTest::testValidateUserInfoValid with data set #1 (':password')
ok 387 - Eloquent\Schemer\Uri\UriTest::testValidateUserInfoValid with data set #2 ('user:password')
ok 388 - Eloquent\Schemer\Uri\UriTest::testValidateUserInfoValid with data set #3 (':')
ok 389 - Eloquent\Schemer\Uri\UriTest::testValidateUserInfoValid with data set #4 ('my-user')
ok 390 - Eloquent\Schemer\Uri\UriTest::testValidateUserInfoValid with data set #5 ('one:two:three:four')
ok 391 - Eloquent\Schemer\Uri\UriTest::testValidateUserInfoValid with data set #6 ('my-user-has-%3A-colon:pass')
ok 392 - Eloquent\Schemer\Uri\UriTest::testValidateUserInfoValid with data set #7 ('a_.!~*\'(-)n0123Di%25%26:pass;:&=+$,word')
ok 393 - Eloquent\Schemer\Uri\UriTest::testValidateUserInfoInvalid with data set #0 ('an`di:password', 'an%60di:password')
ok 394 - Eloquent\Schemer\Uri\UriTest::testValidateUserInfoInvalid with data set #1 ('user name', 'user%20name')
ok 395 - Eloquent\Schemer\Uri\UriTest::testValidateUserInfoInvalid with data set #2 ('shahar.e@zend.com', 'shahar.e%40zend.com')
ok 396 - Eloquent\Schemer\Uri\UriTest::testEncodeUserInfoValid with data set #0 ('user:')
ok 397 - Eloquent\Schemer\Uri\UriTest::testEncodeUserInfoValid with data set #1 (':password')
ok 398 - Eloquent\Schemer\Uri\UriTest::testEncodeUserInfoValid with data set #2 ('user:password')
ok 399 - Eloquent\Schemer\Uri\UriTest::testEncodeUserInfoValid with data set #3 (':')
ok 400 - Eloquent\Schemer\Uri\UriTest::testEncodeUserInfoValid with data set #4 ('my-user')
ok 401 - Eloquent\Schemer\Uri\UriTest::testEncodeUserInfoValid with data set #5 ('one:two:three:four')
ok 402 - Eloquent\Schemer\Uri\UriTest::testEncodeUserInfoValid with data set #6 ('my-user-has-%3A-colon:pass')
ok 403 - Eloquent\Schemer\Uri\UriTest::testEncodeUserInfoValid with data set #7 ('a_.!~*\'(-)n0123Di%25%26:pass;:&=+$,word')
ok 404 - Eloquent\Schemer\Uri\UriTest::testEncodeUserInfoInvalid with data set #0 ('an`di:password', 'an%60di:password')
ok 405 - Eloquent\Schemer\Uri\UriTest::testEncodeUserInfoInvalid with data set #1 ('user name', 'user%20name')
ok 406 - Eloquent\Schemer\Uri\UriTest::testEncodeUserInfoInvalid with data set #2 ('shahar.e@zend.com', 'shahar.e%40zend.com')
ok 407 - Eloquent\Schemer\Uri\UriTest::testValidatePortValid with data set #0 (NULL)
ok 408 - Eloquent\Schemer\Uri\UriTest::testValidatePortValid with data set #1 (1)
ok 409 - Eloquent\Schemer\Uri\UriTest::testValidatePortValid with data set #2 (65535)
ok 410 - Eloquent\Schemer\Uri\UriTest::testValidatePortValid with data set #3 (80)
ok 411 - Eloquent\Schemer\Uri\UriTest::testValidatePortValid with data set #4 ('443')
ok 412 - Eloquent\Schemer\Uri\UriTest::testValidatePortInvalid with data set #0 (0)
ok 413 - Eloquent\Schemer\Uri\UriTest::testValidatePortInvalid with data set #1 (-1)
ok 414 - Eloquent\Schemer\Uri\UriTest::testValidatePortInvalid with data set #2 (65536)
ok 415 - Eloquent\Schemer\Uri\UriTest::testValidatePortInvalid with data set #3 ('foo')
ok 416 - Eloquent\Schemer\Uri\UriTest::testValidatePortInvalid with data set #4 ('0xf')
ok 417 - Eloquent\Schemer\Uri\UriTest::testValidatePortInvalid with data set #5 ('-')
ok 418 - Eloquent\Schemer\Uri\UriTest::testValidatePortInvalid with data set #6 (':')
ok 419 - Eloquent\Schemer\Uri\UriTest::testValidatePortInvalid with data set #7 ('/')
ok 420 - Eloquent\Schemer\Uri\UriTest::testRelativeUriResolvingRfcSamples with data set #0 ('http://a/b/c/d;p?q', 'g:h', 'g:h')
ok 421 - Eloquent\Schemer\Uri\UriTest::testRelativeUriResolvingRfcSamples with data set #1 ('http://a/b/c/d;p?q', 'g', 'http://a/b/c/g')
ok 422 - Eloquent\Schemer\Uri\UriTest::testRelativeUriResolvingRfcSamples with data set #2 ('http://a/b/c/d;p?q', './g', 'http://a/b/c/g')
ok 423 - Eloquent\Schemer\Uri\UriTest::testRelativeUriResolvingRfcSamples with data set #3 ('http://a/b/c/d;p?q', 'g/', 'http://a/b/c/g/')
ok 424 - Eloquent\Schemer\Uri\UriTest::testRelativeUriResolvingRfcSamples with data set #4 ('http://a/b/c/d;p?q', '/g', 'http://a/g')
ok 425 - Eloquent\Schemer\Uri\UriTest::testRelativeUriResolvingRfcSamples with data set #5 ('http://a/b/c/d;p?q', '//g', 'http://g')
ok 426 - Eloquent\Schemer\Uri\UriTest::testRelativeUriResolvingRfcSamples with data set #6 ('http://a/b/c/d;p?q', '?y', 'http://a/b/c/d;p?y')
ok 427 - Eloquent\Schemer\Uri\UriTest::testRelativeUriResolvingRfcSamples with data set #7 ('http://a/b/c/d;p?q', 'g?y', 'http://a/b/c/g?y')
ok 428 - Eloquent\Schemer\Uri\UriTest::testRelativeUriResolvingRfcSamples with data set #8 ('http://a/b/c/d;p?q', '#s', 'http://a/b/c/d;p?q#s')
ok 429 - Eloquent\Schemer\Uri\UriTest::testRelativeUriResolvingRfcSamples with data set #9 ('http://a/b/c/d;p?q', '#', 'http://a/b/c/d;p?q#')
ok 430 - Eloquent\Schemer\Uri\UriTest::testRelativeUriResolvingRfcSamples with data set #10 ('http://a/b/c/d;p?q', 'g#s', 'http://a/b/c/g#s')
ok 431 - Eloquent\Schemer\Uri\UriTest::testRelativeUriResolvingRfcSamples with data set #11 ('http://a/b/c/d;p?q', 'g?y#s', 'http://a/b/c/g?y#s')
ok 432 - Eloquent\Schemer\Uri\UriTest::testRelativeUriResolvingRfcSamples with data set #12 ('http://a/b/c/d;p?q', ';x', 'http://a/b/c/;x')
ok 433 - Eloquent\Schemer\Uri\UriTest::testRelativeUriResolvingRfcSamples with data set #13 ('http://a/b/c/d;p?q', 'g;x', 'http://a/b/c/g;x')
ok 434 - Eloquent\Schemer\Uri\UriTest::testRelativeUriResolvingRfcSamples with data set #14 ('http://a/b/c/d;p?q', 'g;x?y#s', 'http://a/b/c/g;x?y#s')
ok 435 - Eloquent\Schemer\Uri\UriTest::testRelativeUriResolvingRfcSamples with data set #15 ('http://a/b/c/d;p?q', '', 'http://a/b/c/d;p?q')
ok 436 - Eloquent\Schemer\Uri\UriTest::testRelativeUriResolvingRfcSamples with data set #16 ('http://a/b/c/d;p?q', '.', 'http://a/b/c/')
ok 437 - Eloquent\Schemer\Uri\UriTest::testRelativeUriResolvingRfcSamples with data set #17 ('http://a/b/c/d;p?q', './', 'http://a/b/c/')
ok 438 - Eloquent\Schemer\Uri\UriTest::testRelativeUriResolvingRfcSamples with data set #18 ('http://a/b/c/d;p?q', '..', 'http://a/b/')
ok 439 - Eloquent\Schemer\Uri\UriTest::testRelativeUriResolvingRfcSamples with data set #19 ('http://a/b/c/d;p?q', '../', 'http://a/b/')
ok 440 - Eloquent\Schemer\Uri\UriTest::testRelativeUriResolvingRfcSamples with data set #20 ('http://a/b/c/d;p?q', '../g', 'http://a/b/g')
ok 441 - Eloquent\Schemer\Uri\UriTest::testRelativeUriResolvingRfcSamples with data set #21 ('http://a/b/c/d;p?q', '../..', 'http://a/')
ok 442 - Eloquent\Schemer\Uri\UriTest::testRelativeUriResolvingRfcSamples with data set #22 ('http://a/b/c/d;p?q', '../../', 'http://a/')
ok 443 - Eloquent\Schemer\Uri\UriTest::testRelativeUriResolvingRfcSamples with data set #23 ('http://a/b/c/d;p?q', '../../g', 'http://a/g')
ok 444 - Eloquent\Schemer\Uri\UriTest::testRelativeUriResolvingRfcSamples with data set #24 ('http://a/b/c/d;p?q', '../../../g', 'http://a/g')
ok 445 - Eloquent\Schemer\Uri\UriTest::testRelativeUriResolvingRfcSamples with data set #25 ('http://a/b/c/d;p?q', '../../../../g', 'http://a/g')
ok 446 - Eloquent\Schemer\Uri\UriTest::testRelativeUriResolvingRfcSamples with data set #26 ('http://a/b/c/d;p?q', '/./g', 'http://a/g')
ok 447 - Eloquent\Schemer\Uri\UriTest::testRelativeUriResolvingRfcSamples with data set #27 ('http://a/b/c/d;p?q', '/../g', 'http://a/g')
ok 448 - Eloquent\Schemer\Uri\UriTest::testRelativeUriResolvingRfcSamples with data set #28 ('http://a/b/c/d;p?q', 'g.', 'http://a/b/c/g.')
ok 449 - Eloquent\Schemer\Uri\UriTest::testRelativeUriResolvingRfcSamples with data set #29 ('http://a/b/c/d;p?q', '.g', 'http://a/b/c/.g')
ok 450 - Eloquent\Schemer\Uri\UriTest::testRelativeUriResolvingRfcSamples with data set #30 ('http://a/b/c/d;p?q', 'g..', 'http://a/b/c/g..')
ok 451 - Eloquent\Schemer\Uri\UriTest::testRelativeUriResolvingRfcSamples with data set #31 ('http://a/b/c/d;p?q', '..g', 'http://a/b/c/..g')
ok 452 - Eloquent\Schemer\Uri\UriTest::testRelativeUriResolvingRfcSamples with data set #32 ('http://a/b/c/d;p?q', './../g', 'http://a/b/g')
ok 453 - Eloquent\Schemer\Uri\UriTest::testRelativeUriResolvingRfcSamples with data set #33 ('http://a/b/c/d;p?q', './g/.', 'http://a/b/c/g/')
ok 454 - Eloquent\Schemer\Uri\UriTest::testRelativeUriResolvingRfcSamples with data set #34 ('http://a/b/c/d;p?q', 'g/./h', 'http://a/b/c/g/h')
ok 455 - Eloquent\Schemer\Uri\UriTest::testRelativeUriResolvingRfcSamples with data set #35 ('http://a/b/c/d;p?q', 'g/../h', 'http://a/b/c/h')
ok 456 - Eloquent\Schemer\Uri\UriTest::testRelativeUriResolvingRfcSamples with data set #36 ('http://a/b/c/d;p?q', 'g;x=1/./y', 'http://a/b/c/g;x=1/y')
ok 457 - Eloquent\Schemer\Uri\UriTest::testRelativeUriResolvingRfcSamples with data set #37 ('http://a/b/c/d;p?q', 'g;x=1/../y', 'http://a/b/c/y')
ok 458 - Eloquent\Schemer\Uri\UriTest::testRelativeUriResolvingRfcSamples with data set #38 ('http://a/b/c/d;p?q', 'http:g', 'http:g')
ok 459 - Eloquent\Schemer\Uri\UriTest::testRemovePathDotSegments with data set #0 ('/a/b/c/./../../g', '/a/g')
ok 460 - Eloquent\Schemer\Uri\UriTest::testRemovePathDotSegments with data set #1 ('mid/content=5/../6', 'mid/6')
ok 461 - Eloquent\Schemer\Uri\UriTest::testNormalizeUrl with data set #0 ('hTtp://example.com', 'http://example.com/')
ok 462 - Eloquent\Schemer\Uri\UriTest::testNormalizeUrl with data set #1 ('https://EXAMPLE.COM/FOO/BAR', 'https://example.com/FOO/BAR')
ok 463 - Eloquent\Schemer\Uri\UriTest::testNormalizeUrl with data set #2 ('FOO:/bar/with space?que%3fry#frag%ment#', 'foo:/bar/with%20space?que?ry#frag%25ment%23')
ok 464 - Eloquent\Schemer\Uri\UriTest::testNormalizeUrl with data set #3 ('/path/%68%65%6c%6c%6f/world', '/path/hello/world')
ok 465 - Eloquent\Schemer\Uri\UriTest::testNormalizeUrl with data set #4 ('/foo/bar?url=http%3A%2F%2Fwww.example.com%2Fbaz', '/foo/bar?url=http://www.example.com/baz')
ok 466 - Eloquent\Schemer\Uri\UriTest::testNormalizeUrl with data set #5 ('File:///SitePages/fi%6ce%20has%20spaces', 'file:///SitePages/file%20has%20spaces')
ok 467 - Eloquent\Schemer\Uri\UriTest::testNormalizeUrl with data set #6 ('/foo/bar/../baz?do=action#showFragment', '/foo/baz?do=action#showFragment')
ok 468 - Eloquent\Schemer\Uri\UriTest::testNormalizeUrl with data set #7 ('/foo/bar/../baz?do=action#', '/foo/baz?do=action')
ok 469 - Eloquent\Schemer\Uri\UriTest::testNormalizeUrl with data set #8 ('/foo/bar/..', '/foo')
ok 470 - Eloquent\Schemer\Uri\UriTest::testNormalizeUrl with data set #9 ('/foo/..', '/')
ok 471 - Eloquent\Schemer\Uri\UriTest::testNormalizeUrl with data set #10 ('/foo/../..', '/')
ok 472 - Eloquent\Schemer\Uri\UriTest::testNormalizeUrl with data set #11 ('/foo/../../bar', '/bar')
ok 473 - Eloquent\Schemer\Uri\UriTest::testNormalizeUrl with data set #12 ('foo/bar/..', 'foo/bar/..')
ok 474 - Eloquent\Schemer\Uri\UriTest::testNormalizeUrl with data set #13 ('foo/..', 'foo/..')
ok 475 - Eloquent\Schemer\Uri\UriTest::testNormalizeUrl with data set #14 ('foo/../..', 'foo/../..')
ok 476 - Eloquent\Schemer\Uri\UriTest::testNormalizeUrl with data set #15 ('foo/../../bar', 'foo/../../bar')
ok 477 - Eloquent\Schemer\Uri\UriTest::testNormalizeUrl with data set #16 ('#', '#')
ok 478 - Eloquent\Schemer\Uri\UriTest::testNormalizeUrl with data set #17 ('http://www.example.com/a%c2%b1b', 'http://www.example.com/a%C2%B1b')
ok 479 - Eloquent\Schemer\Uri\UriTest::testNormalizeUrl with data set #18 ('http://example.com:80/file?query=bar', 'http://example.com:80/file?query=bar')
ok 480 - Eloquent\Schemer\Uri\UriTest::testMergeToNewUri with data set #0 ('http://a/b/c/d;p?q', 'g:h', 'g:h')
ok 481 - Eloquent\Schemer\Uri\UriTest::testMergeToNewUri with data set #1 ('http://a/b/c/d;p?q', 'g', 'http://a/b/c/g')
ok 482 - Eloquent\Schemer\Uri\UriTest::testMergeToNewUri with data set #2 ('http://a/b/c/d;p?q', './g', 'http://a/b/c/g')
ok 483 - Eloquent\Schemer\Uri\UriTest::testMergeToNewUri with data set #3 ('http://a/b/c/d;p?q', 'g/', 'http://a/b/c/g/')
ok 484 - Eloquent\Schemer\Uri\UriTest::testMergeToNewUri with data set #4 ('http://a/b/c/d;p?q', '/g', 'http://a/g')
ok 485 - Eloquent\Schemer\Uri\UriTest::testMergeToNewUri with data set #5 ('http://a/b/c/d;p?q', '//g', 'http://g')
ok 486 - Eloquent\Schemer\Uri\UriTest::testMergeToNewUri with data set #6 ('http://a/b/c/d;p?q', '?y', 'http://a/b/c/d;p?y')
ok 487 - Eloquent\Schemer\Uri\UriTest::testMergeToNewUri with data set #7 ('http://a/b/c/d;p?q', 'g?y', 'http://a/b/c/g?y')
ok 488 - Eloquent\Schemer\Uri\UriTest::testMergeToNewUri with data set #8 ('http://a/b/c/d;p?q', '#s', 'http://a/b/c/d;p?q#s')
ok 489 - Eloquent\Schemer\Uri\UriTest::testMergeToNewUri with data set #9 ('http://a/b/c/d;p?q', '#', 'http://a/b/c/d;p?q#')
ok 490 - Eloquent\Schemer\Uri\UriTest::testMergeToNewUri with data set #10 ('http://a/b/c/d;p?q', 'g#s', 'http://a/b/c/g#s')
ok 491 - Eloquent\Schemer\Uri\UriTest::testMergeToNewUri with data set #11 ('http://a/b/c/d;p?q', 'g?y#s', 'http://a/b/c/g?y#s')
ok 492 - Eloquent\Schemer\Uri\UriTest::testMergeToNewUri with data set #12 ('http://a/b/c/d;p?q', ';x', 'http://a/b/c/;x')
ok 493 - Eloquent\Schemer\Uri\UriTest::testMergeToNewUri with data set #13 ('http://a/b/c/d;p?q', 'g;x', 'http://a/b/c/g;x')
ok 494 - Eloquent\Schemer\Uri\UriTest::testMergeToNewUri with data set #14 ('http://a/b/c/d;p?q', 'g;x?y#s', 'http://a/b/c/g;x?y#s')
ok 495 - Eloquent\Schemer\Uri\UriTest::testMergeToNewUri with data set #15 ('http://a/b/c/d;p?q', '', 'http://a/b/c/d;p?q')
ok 496 - Eloquent\Schemer\Uri\UriTest::testMergeToNewUri with data set #16 ('http://a/b/c/d;p?q', '.', 'http://a/b/c/')
ok 497 - Eloquent\Schemer\Uri\UriTest::testMergeToNewUri with data set #17 ('http://a/b/c/d;p?q', './', 'http://a/b/c/')
ok 498 - Eloquent\Schemer\Uri\UriTest::testMergeToNewUri with data set #18 ('http://a/b/c/d;p?q', '..', 'http://a/b/')
ok 499 - Eloquent\Schemer\Uri\UriTest::testMergeToNewUri with data set #19 ('http://a/b/c/d;p?q', '../', 'http://a/b/')
ok 500 - Eloquent\Schemer\Uri\UriTest::testMergeToNewUri with data set #20 ('http://a/b/c/d;p?q', '../g', 'http://a/b/g')
ok 501 - Eloquent\Schemer\Uri\UriTest::testMergeToNewUri with data set #21 ('http://a/b/c/d;p?q', '../..', 'http://a/')
ok 502 - Eloquent\Schemer\Uri\UriTest::testMergeToNewUri with data set #22 ('http://a/b/c/d;p?q', '../../', 'http://a/')
ok 503 - Eloquent\Schemer\Uri\UriTest::testMergeToNewUri with data set #23 ('http://a/b/c/d;p?q', '../../g', 'http://a/g')
ok 504 - Eloquent\Schemer\Uri\UriTest::testMergeToNewUri with data set #24 ('http://a/b/c/d;p?q', '../../../g', 'http://a/g')
ok 505 - Eloquent\Schemer\Uri\UriTest::testMergeToNewUri with data set #25 ('http://a/b/c/d;p?q', '../../../../g', 'http://a/g')
ok 506 - Eloquent\Schemer\Uri\UriTest::testMergeToNewUri with data set #26 ('http://a/b/c/d;p?q', '/./g', 'http://a/g')
ok 507 - Eloquent\Schemer\Uri\UriTest::testMergeToNewUri with data set #27 ('http://a/b/c/d;p?q', '/../g', 'http://a/g')
ok 508 - Eloquent\Schemer\Uri\UriTest::testMergeToNewUri with data set #28 ('http://a/b/c/d;p?q', 'g.', 'http://a/b/c/g.')
ok 509 - Eloquent\Schemer\Uri\UriTest::testMergeToNewUri with data set #29 ('http://a/b/c/d;p?q', '.g', 'http://a/b/c/.g')
ok 510 - Eloquent\Schemer\Uri\UriTest::testMergeToNewUri with data set #30 ('http://a/b/c/d;p?q', 'g..', 'http://a/b/c/g..')
ok 511 - Eloquent\Schemer\Uri\UriTest::testMergeToNewUri with data set #31 ('http://a/b/c/d;p?q', '..g', 'http://a/b/c/..g')
ok 512 - Eloquent\Schemer\Uri\UriTest::testMergeToNewUri with data set #32 ('http://a/b/c/d;p?q', './../g', 'http://a/b/g')
ok 513 - Eloquent\Schemer\Uri\UriTest::testMergeToNewUri with data set #33 ('http://a/b/c/d;p?q', './g/.', 'http://a/b/c/g/')
ok 514 - Eloquent\Schemer\Uri\UriTest::testMergeToNewUri with data set #34 ('http://a/b/c/d;p?q', 'g/./h', 'http://a/b/c/g/h')
ok 515 - Eloquent\Schemer\Uri\UriTest::testMergeToNewUri with data set #35 ('http://a/b/c/d;p?q', 'g/../h', 'http://a/b/c/h')
ok 516 - Eloquent\Schemer\Uri\UriTest::testMergeToNewUri with data set #36 ('http://a/b/c/d;p?q', 'g;x=1/./y', 'http://a/b/c/g;x=1/y')
ok 517 - Eloquent\Schemer\Uri\UriTest::testMergeToNewUri with data set #37 ('http://a/b/c/d;p?q', 'g;x=1/../y', 'http://a/b/c/y')
ok 518 - Eloquent\Schemer\Uri\UriTest::testMergeToNewUri with data set #38 ('http://a/b/c/d;p?q', 'http:g', 'http:g')
ok 519 - Eloquent\Schemer\Uri\UriTest::testMergeTwoObjectsNotModifying
ok 520 - Eloquent\Schemer\Uri\UriTest::testMakeRelative with data set #0 ('http://example.com/dir/subdir/', 'http://example.com/dir/subdir/more/file1.txt', 'more/file1.txt')
ok 521 - Eloquent\Schemer\Uri\UriTest::testMakeRelative with data set #1 ('http://example.com/dir/subdir', 'http://example.com/dir/subdir/more/file1.txt', 'more/file1.txt')
ok 522 - Eloquent\Schemer\Uri\UriTest::testMakeRelative with data set #2 ('http://example.com/dir/subdir/', 'http://example.com/dir/otherdir/file2.txt', '../otherdir/file2.txt')
ok 523 - Eloquent\Schemer\Uri\UriTest::testMakeRelative with data set #3 ('http://example.com/dir/subdir', 'http://example.com/dir/otherdir/file2.txt', '../otherdir/file2.txt')
ok 524 - Eloquent\Schemer\Uri\UriTest::testMakeRelative with data set #4 ('http://example.com/dir/subdir/', 'http://otherhost.com/dir/subdir/file3.txt', 'http://otherhost.com/dir/subdir/file3.txt')
ok 525 - Eloquent\Schemer\Uri\UriTest::testMakeRelative with data set #5 ('http://example.com/dir/subdir', 'http://otherhost.com/dir/subdir/file3.txt', 'http://otherhost.com/dir/subdir/file3.txt')
ok 526 - Eloquent\Schemer\Uri\UriTest::testConstructorCopyExistingObject with data set #0 ('a:b')
ok 527 - Eloquent\Schemer\Uri\UriTest::testConstructorCopyExistingObject with data set #1 ('http://www.zend.com')
ok 528 - Eloquent\Schemer\Uri\UriTest::testConstructorCopyExistingObject with data set #2 ('https://example.com:10082/foo/bar?query')
ok 529 - Eloquent\Schemer\Uri\UriTest::testConstructorCopyExistingObject with data set #3 ('../relative/path')
ok 530 - Eloquent\Schemer\Uri\UriTest::testConstructorCopyExistingObject with data set #4 ('?queryOnly')
ok 531 - Eloquent\Schemer\Uri\UriTest::testConstructorCopyExistingObject with data set #5 ('#fragmentOnly')
ok 532 - Eloquent\Schemer\Uri\UriTest::testConstructorCopyExistingObject with data set #6 ('#')
ok 533 - Eloquent\Schemer\Uri\UriTest::testConstructorCopyExistingObject with data set #7 ('mailto:bob@example.com')
ok 534 - Eloquent\Schemer\Uri\UriTest::testConstructorCopyExistingObject with data set #8 ('bob@example.com')
ok 535 - Eloquent\Schemer\Uri\UriTest::testConstructorCopyExistingObject with data set #9 ('http://a_.!~*\'(-)n0123Di%25%26:pass;:&=+$,word@www.zend.com')
ok 536 - Eloquent\Schemer\Uri\UriTest::testConstructorCopyExistingObject with data set #10 ('http://[FEDC:BA98:7654:3210:FEDC:BA98:7654:3210]:80/index.html')
ok 537 - Eloquent\Schemer\Uri\UriTest::testConstructorCopyExistingObject with data set #11 ('http://[1080::8:800:200C:417A]/foo')
ok 538 - Eloquent\Schemer\Uri\UriTest::testConstructorCopyExistingObject with data set #12 ('http://[::192.9.5.5]/ipng')
ok 539 - Eloquent\Schemer\Uri\UriTest::testConstructorCopyExistingObject with data set #13 ('http://[::FFFF:129.144.52.38]:80/index.html')
ok 540 - Eloquent\Schemer\Uri\UriTest::testConstructorCopyExistingObject with data set #14 ('http://[2620:0:1cfe:face:b00c::3]/')
ok 541 - Eloquent\Schemer\Uri\UriTest::testConstructorCopyExistingObject with data set #15 ('http://[2010:836B:4179::836B:4179]')
ok 542 - Eloquent\Schemer\Uri\UriTest::testConstructorCopyExistingObject with data set #16 ('http')
ok 543 - Eloquent\Schemer\Uri\UriTest::testConstructorCopyExistingObject with data set #17 ('www.example.org:80')
ok 544 - Eloquent\Schemer\Uri\UriTest::testConstructorCopyExistingObject with data set #18 ('www.example.org')
ok 545 - Eloquent\Schemer\Uri\UriTest::testConstructorCopyExistingObject with data set #19 ('http://foo')
ok 546 - Eloquent\Schemer\Uri\UriTest::testConstructorCopyExistingObject with data set #20 ('ftp://user:pass@example.org/')
ok 547 - Eloquent\Schemer\Uri\UriTest::testConstructorCopyExistingObject with data set #21 ('www.fi/')
ok 548 - Eloquent\Schemer\Uri\UriTest::testConstructorCopyExistingObject with data set #22 ('http://1.1.1.1/')
ok 549 - Eloquent\Schemer\Uri\UriTest::testConstructorCopyExistingObject with data set #23 ('1.1.1.1')
ok 550 - Eloquent\Schemer\Uri\UriTest::testConstructorCopyExistingObject with data set #24 ('1.256.1.1')
ok 551 - Eloquent\Schemer\Uri\UriTest::testConstructorCopyExistingObject with data set #25 ('http://[::1]/')
ok 552 - Eloquent\Schemer\Uri\UriTest::testConstructorCopyExistingObject with data set #26 ('file:/')
ok 553 - Eloquent\Schemer\Uri\UriTest::testConstructorCopyExistingObject with data set #27 ('http:///')
ok 554 - Eloquent\Schemer\Uri\UriTest::testConstructorCopyExistingObject with data set #28 ('http:::/foo')
ok 555 - Eloquent\Schemer\Uri\UriTest::testConstructorCopyExistingObject with data set #29 ('2620:0:1cfe:face:b00c::3')
ok 556 - Eloquent\Schemer\Uri\UriTest::testConstructorInvalidInput with data set #0 (stdClass)
ok 557 - Eloquent\Schemer\Uri\UriTest::testConstructorInvalidInput with data set #1 (false)
ok 558 - Eloquent\Schemer\Uri\UriTest::testConstructorInvalidInput with data set #2 (true)
ok 559 - Eloquent\Schemer\Uri\UriTest::testConstructorInvalidInput with data set #3 (array('http'))
ok 560 - Eloquent\Schemer\Uri\UriTest::testConstructorInvalidInput with data set #4 (12)
ok 561 - Eloquent\Schemer\Uri\UriTest::testFluentInterface with data set #0 ('setScheme', array('file'))
ok 562 - Eloquent\Schemer\Uri\UriTest::testFluentInterface with data set #1 ('setUserInfo', array('userInfo'))
ok 563 - Eloquent\Schemer\Uri\UriTest::testFluentInterface with data set #2 ('setHost', array('example.com'))
ok 564 - Eloquent\Schemer\Uri\UriTest::testFluentInterface with data set #3 ('setPort', array(80))
ok 565 - Eloquent\Schemer\Uri\UriTest::testFluentInterface with data set #4 ('setPath', array('/baz/baz'))
ok 566 - Eloquent\Schemer\Uri\UriTest::testFluentInterface with data set #5 ('setQuery', array('foo=bar'))
ok 567 - Eloquent\Schemer\Uri\UriTest::testFluentInterface with data set #6 ('setFragment', array('part2'))
ok 568 - Eloquent\Schemer\Uri\UriTest::testFluentInterface with data set #7 ('makeRelative', array('http://foo.bar/'))
ok 569 - Eloquent\Schemer\Uri\UriTest::testFluentInterface with data set #8 ('resolve', array('http://foo.bar/'))
ok 570 - Eloquent\Schemer\Uri\UriTest::testFluentInterface with data set #9 ('normalize', array())
ok 571 - Eloquent\Schemer\Validation\ConstraintValidatorTest::testValidateSchema with data set "maxDateTime / maxDateTime.toml / valid date/time" ('maxDateTime', 'maxDateTime.toml', 'valid date/time')
ok 572 - Eloquent\Schemer\Validation\ConstraintValidatorTest::testValidateSchema with data set "maxDateTime / maxDateTime.toml / valid non-date/time" ('maxDateTime', 'maxDateTime.toml', 'valid non-date/time')
ok 573 - Eloquent\Schemer\Validation\ConstraintValidatorTest::testValidateSchema with data set "maxDateTime / maxDateTime.toml / invalid" ('maxDateTime', 'maxDateTime.toml', 'invalid')
ok 574 - Eloquent\Schemer\Validation\ConstraintValidatorTest::testValidateSchema with data set "required / required.json / valid object" ('required', 'required.json', 'valid object')
ok 575 - Eloquent\Schemer\Validation\ConstraintValidatorTest::testValidateSchema with data set "required / required.json / valid non-object" ('required', 'required.json', 'valid non-object')
ok 576 - Eloquent\Schemer\Validation\ConstraintValidatorTest::testValidateSchema with data set "required / required.json / invalid" ('required', 'required.json', 'invalid')
ok 577 - Eloquent\Schemer\Validation\ConstraintValidatorTest::testValidateSchema with data set "allOf / multiple-schemas.json / valid" ('allOf', 'multiple-schemas.json', 'valid')
ok 578 - Eloquent\Schemer\Validation\ConstraintValidatorTest::testValidateSchema with data set "allOf / multiple-schemas.json / one invalid" ('allOf', 'multiple-schemas.json', 'one invalid')
ok 579 - Eloquent\Schemer\Validation\ConstraintValidatorTest::testValidateSchema with data set "allOf / multiple-schemas.json / all invalid" ('allOf', 'multiple-schemas.json', 'all invalid')
ok 580 - Eloquent\Schemer\Validation\ConstraintValidatorTest::testValidateSchema with data set "allOf / single-schema.json / valid" ('allOf', 'single-schema.json', 'valid')
ok 581 - Eloquent\Schemer\Validation\ConstraintValidatorTest::testValidateSchema with data set "allOf / single-schema.json / invalid" ('allOf', 'single-schema.json', 'invalid')
ok 582 - Eloquent\Schemer\Validation\ConstraintValidatorTest::testValidateSchema with data set "minimum / minimum-floating-point-value.json / valid floating-point values" ('minimum', 'minimum-floating-point-value.json', 'valid floating-point values')
ok 583 - Eloquent\Schemer\Validation\ConstraintValidatorTest::testValidateSchema with data set "minimum / minimum-floating-point-value.json / valid integers" ('minimum', 'minimum-floating-point-value.json', 'valid integers')
ok 584 - Eloquent\Schemer\Validation\ConstraintValidatorTest::testValidateSchema with data set "minimum / minimum-floating-point-value.json / valid non-number" ('minimum', 'minimum-floating-point-value.json', 'valid non-number')
ok 585 - Eloquent\Schemer\Validation\ConstraintValidatorTest::testValidateSchema with data set "minimum / minimum-floating-point-value.json / invalid" ('minimum', 'minimum-floating-point-value.json', 'invalid')
ok 586 - Eloquent\Schemer\Validation\ConstraintValidatorTest::testValidateSchema with data set "minimum / minimum-integer.json / valid integers" ('minimum', 'minimum-integer.json', 'valid integers')
ok 587 - Eloquent\Schemer\Validation\ConstraintValidatorTest::testValidateSchema with data set "minimum / minimum-integer.json / valid floating-point values" ('minimum', 'minimum-integer.json', 'valid floating-point values')
ok 588 - Eloquent\Schemer\Validation\ConstraintValidatorTest::testValidateSchema with data set "minimum / minimum-integer.json / valid non-number" ('minimum', 'minimum-integer.json', 'valid non-number')
ok 589 - Eloquent\Schemer\Validation\ConstraintValidatorTest::testValidateSchema with data set "minimum / minimum-integer.json / invalid" ('minimum', 'minimum-integer.json', 'invalid')
ok 590 - Eloquent\Schemer\Validation\ConstraintValidatorTest::testValidateSchema with data set "maximum / maximum-integer.json / valid integers" ('maximum', 'maximum-integer.json', 'valid integers')
ok 591 - Eloquent\Schemer\Validation\ConstraintValidatorTest::testValidateSchema with data set "maximum / maximum-integer.json / valid floating-point values" ('maximum', 'maximum-integer.json', 'valid floating-point values')
ok 592 - Eloquent\Schemer\Validation\ConstraintValidatorTest::testValidateSchema with data set "maximum / maximum-integer.json / valid non-number" ('maximum', 'maximum-integer.json', 'valid non-number')
ok 593 - Eloquent\Schemer\Validation\ConstraintValidatorTest::testValidateSchema with data set "maximum / maximum-integer.json / invalid" ('maximum', 'maximum-integer.json', 'invalid')
ok 594 - Eloquent\Schemer\Validation\ConstraintValidatorTest::testValidateSchema with data set "maximum / maximum-floating-point-value.json / valid floating-point values" ('maximum', 'maximum-floating-point-value.json', 'valid floating-point values')
ok 595 - Eloquent\Schemer\Validation\ConstraintValidatorTest::testValidateSchema with data set "maximum / maximum-floating-point-value.json / valid integers" ('maximum', 'maximum-floating-point-value.json', 'valid integers')
ok 596 - Eloquent\Schemer\Validation\ConstraintValidatorTest::testValidateSchema with data set "maximum / maximum-floating-point-value.json / valid non-number" ('maximum', 'maximum-floating-point-value.json', 'valid non-number')
ok 597 - Eloquent\Schemer\Validation\ConstraintValidatorTest::testValidateSchema with data set "maximum / maximum-floating-point-value.json / invalid" ('maximum', 'maximum-floating-point-value.json', 'invalid')
ok 598 - Eloquent\Schemer\Validation\ConstraintValidatorTest::testValidateSchema with data set "multipleOf / multipleOf-floating-point-value.json / valid floating point values" ('multipleOf', 'multipleOf-floating-point-value.json', 'valid floating point values')
ok 599 - Eloquent\Schemer\Validation\ConstraintValidatorTest::testValidateSchema with data set "multipleOf / multipleOf-floating-point-value.json / valid integers" ('multipleOf', 'multipleOf-floating-point-value.json', 'valid integers')
ok 600 - Eloquent\Schemer\Validation\ConstraintValidatorTest::testValidateSchema with data set "multipleOf / multipleOf-floating-point-value.json / valid non-number" ('multipleOf', 'multipleOf-floating-point-value.json', 'valid non-number')
ok 601 - Eloquent\Schemer\Validation\ConstraintValidatorTest::testValidateSchema with data set "multipleOf / multipleOf-floating-point-value.json / invalid" ('multipleOf', 'multipleOf-floating-point-value.json', 'invalid')
ok 602 - Eloquent\Schemer\Validation\ConstraintValidatorTest::testValidateSchema with data set "multipleOf / multipleOf-integer.json / valid integers" ('multipleOf', 'multipleOf-integer.json', 'valid integers')
ok 603 - Eloquent\Schemer\Validation\ConstraintValidatorTest::testValidateSchema with data set "multipleOf / multipleOf-integer.json / valid floating point values" ('multipleOf', 'multipleOf-integer.json', 'valid floating point values')
ok 604 - Eloquent\Schemer\Validation\ConstraintValidatorTest::testValidateSchema with data set "multipleOf / multipleOf-integer.json / valid non-number" ('multipleOf', 'multipleOf-integer.json', 'valid non-number')
ok 605 - Eloquent\Schemer\Validation\ConstraintValidatorTest::testValidateSchema with data set "multipleOf / multipleOf-integer.json / invalid" ('multipleOf', 'multipleOf-integer.json', 'invalid')
ok 606 - Eloquent\Schemer\Validation\ConstraintValidatorTest::testValidateSchema with data set "uniqueItems / uniqueItems-false.json / valid unique" ('uniqueItems', 'uniqueItems-false.json', 'valid unique')
ok 607 - Eloquent\Schemer\Validation\ConstraintValidatorTest::testValidateSchema with data set "uniqueItems / uniqueItems-false.json / valid non-unique" ('uniqueItems', 'uniqueItems-false.json', 'valid non-unique')
ok 608 - Eloquent\Schemer\Validation\ConstraintValidatorTest::testValidateSchema with data set "uniqueItems / uniqueItems-false.json / valid non-array" ('uniqueItems', 'uniqueItems-false.json', 'valid non-array')
ok 609 - Eloquent\Schemer\Validation\ConstraintValidatorTest::testValidateSchema with data set "uniqueItems / uniqueItems-true.json / valid array" ('uniqueItems', 'uniqueItems-true.json', 'valid array')
ok 610 - Eloquent\Schemer\Validation\ConstraintValidatorTest::testValidateSchema with data set "uniqueItems / uniqueItems-true.json / valid non-array" ('uniqueItems', 'uniqueItems-true.json', 'valid non-array')
ok 611 - Eloquent\Schemer\Validation\ConstraintValidatorTest::testValidateSchema with data set "uniqueItems / uniqueItems-true.json / invalid" ('uniqueItems', 'uniqueItems-true.json', 'invalid')
ok 612 - Eloquent\Schemer\Validation\ConstraintValidatorTest::testValidateSchema with data set "schema / json-schema-meta-schema.json / valid - empty schema" ('schema', 'json-schema-meta-schema.json', 'valid - empty schema')
ok 613 - Eloquent\Schemer\Validation\ConstraintValidatorTest::testValidateSchema with data set "schema / json-schema-meta-schema.json / valid - JSON schema meta schema" ('schema', 'json-schema-meta-schema.json', 'valid - JSON schema meta schema')
ok 614 - Eloquent\Schemer\Validation\ConstraintValidatorTest::testValidateSchema with data set "schema / json-schema-meta-schema.json / invalid - Schemer meta schema" ('schema', 'json-schema-meta-schema.json', 'invalid - Schemer meta schema')
ok 615 - Eloquent\Schemer\Validation\ConstraintValidatorTest::testValidateSchema with data set "schema / json-schema-meta-schema.json / invalid - not object" ('schema', 'json-schema-meta-schema.json', 'invalid - not object')
ok 616 - Eloquent\Schemer\Validation\ConstraintValidatorTest::testValidateSchema with data set "schema / json-schema-meta-schema.json / invalid - unknown type" ('schema', 'json-schema-meta-schema.json', 'invalid - unknown type')
ok 617 - Eloquent\Schemer\Validation\ConstraintValidatorTest::testValidateSchema with data set "schema / meta-schema.json / valid - empty schema" ('schema', 'meta-schema.json', 'valid - empty schema')
ok 618 - Eloquent\Schemer\Validation\ConstraintValidatorTest::testValidateSchema with data set "schema / meta-schema.json / valid - Schemer meta schema" ('schema', 'meta-schema.json', 'valid - Schemer meta schema')
ok 619 - Eloquent\Schemer\Validation\ConstraintValidatorTest::testValidateSchema with data set "schema / meta-schema.json / valid - JSON schema meta schema" ('schema', 'meta-schema.json', 'valid - JSON schema meta schema')
ok 620 - Eloquent\Schemer\Validation\ConstraintValidatorTest::testValidateSchema with data set "schema / meta-schema.json / invalid - not object" ('schema', 'meta-schema.json', 'invalid - not object')
ok 621 - Eloquent\Schemer\Validation\ConstraintValidatorTest::testValidateSchema with data set "schema / meta-schema.json / invalid - unknown type" ('schema', 'meta-schema.json', 'invalid - unknown type')
ok 622 - Eloquent\Schemer\Validation\ConstraintValidatorTest::testValidateSchema with data set "oneOf / multiple-schemas.json / valid" ('oneOf', 'multiple-schemas.json', 'valid')
ok 623 - Eloquent\Schemer\Validation\ConstraintValidatorTest::testValidateSchema with data set "oneOf / multiple-schemas.json / invalid - none matching" ('oneOf', 'multiple-schemas.json', 'invalid - none matching')
ok 624 - Eloquent\Schemer\Validation\ConstraintValidatorTest::testValidateSchema with data set "oneOf / multiple-schemas.json / invalid - more than one matching" ('oneOf', 'multiple-schemas.json', 'invalid - more than one matching')
ok 625 - Eloquent\Schemer\Validation\ConstraintValidatorTest::testValidateSchema with data set "oneOf / single-schema.json / valid" ('oneOf', 'single-schema.json', 'valid')
ok 626 - Eloquent\Schemer\Validation\ConstraintValidatorTest::testValidateSchema with data set "oneOf / single-schema.json / invalid" ('oneOf', 'single-schema.json', 'invalid')
ok 627 - Eloquent\Schemer\Validation\ConstraintValidatorTest::testValidateSchema with data set "maxProperties / maxProperties.json / valid object" ('maxProperties', 'maxProperties.json', 'valid object')
ok 628 - Eloquent\Schemer\Validation\ConstraintValidatorTest::testValidateSchema with data set "maxProperties / maxProperties.json / valid non-object" ('maxProperties', 'maxProperties.json', 'valid non-object')
ok 629 - Eloquent\Schemer\Validation\ConstraintValidatorTest::testValidateSchema with data set "maxProperties / maxProperties.json / invalid" ('maxProperties', 'maxProperties.json', 'invalid')
ok 630 - Eloquent\Schemer\Validation\ConstraintValidatorTest::testValidateSchema with data set "maxItems / maxItems.json / valid array" ('maxItems', 'maxItems.json', 'valid array')
ok 631 - Eloquent\Schemer\Validation\ConstraintValidatorTest::testValidateSchema with data set "maxItems / maxItems.json / valid non-array" ('maxItems', 'maxItems.json', 'valid non-array')
ok 632 - Eloquent\Schemer\Validation\ConstraintValidatorTest::testValidateSchema with data set "maxItems / maxItems.json / invalid" ('maxItems', 'maxItems.json', 'invalid')
ok 633 - Eloquent\Schemer\Validation\ConstraintValidatorTest::testValidateSchema with data set "format / uri.json / valid URI" ('format', 'uri.json', 'valid URI')
ok 634 - Eloquent\Schemer\Validation\ConstraintValidatorTest::testValidateSchema with data set "format / uri.json / valid non-string" ('format', 'uri.json', 'valid non-string')
ok 635 - Eloquent\Schemer\Validation\ConstraintValidatorTest::testValidateSchema with data set "format / uri.json / invalid" ('format', 'uri.json', 'invalid')
ok 636 - Eloquent\Schemer\Validation\ConstraintValidatorTest::testValidateSchema with data set "format / hostname.json / valid hostname" ('format', 'hostname.json', 'valid hostname')
ok 637 - Eloquent\Schemer\Validation\ConstraintValidatorTest::testValidateSchema with data set "format / hostname.json / valid non-string" ('format', 'hostname.json', 'valid non-string')
ok 638 - Eloquent\Schemer\Validation\ConstraintValidatorTest::testValidateSchema with data set "format / hostname.json / invalid string" ('format', 'hostname.json', 'invalid string')
ok 639 - Eloquent\Schemer\Validation\ConstraintValidatorTest::testValidateSchema with data set "format / hostname.json / invalid IP address" ('format', 'hostname.json', 'invalid IP address')
ok 640 - Eloquent\Schemer\Validation\ConstraintValidatorTest::testValidateSchema with data set "format / ipv6.json / valid IP address" ('format', 'ipv6.json', 'valid IP address')
ok 641 - Eloquent\Schemer\Validation\ConstraintValidatorTest::testValidateSchema with data set "format / ipv6.json / valid non-string" ('format', 'ipv6.json', 'valid non-string')
ok 642 - Eloquent\Schemer\Validation\ConstraintValidatorTest::testValidateSchema with data set "format / ipv6.json / invalid string" ('format', 'ipv6.json', 'invalid string')
ok 643 - Eloquent\Schemer\Validation\ConstraintValidatorTest::testValidateSchema with data set "format / ipv6.json / invalid IPv4 address" ('format', 'ipv6.json', 'invalid IPv4 address')
ok 644 - Eloquent\Schemer\Validation\ConstraintValidatorTest::testValidateSchema with data set "format / date-time.json / valid date/time (zulu)" ('format', 'date-time.json', 'valid date/time (zulu)')
ok 645 - Eloquent\Schemer\Validation\ConstraintValidatorTest::testValidateSchema with data set "format / date-time.json / valid date/time (offset with colon)" ('format', 'date-time.json', 'valid date/time (offset with colon)')
ok 646 - Eloquent\Schemer\Validation\ConstraintValidatorTest::testValidateSchema with data set "format / date-time.json / valid date/time (offset without colon)" ('format', 'date-time.json', 'valid date/time (offset without colon)')
ok 647 - Eloquent\Schemer\Validation\ConstraintValidatorTest::testValidateSchema with data set "format / date-time.json / valid non-string" ('format', 'date-time.json', 'valid non-string')
ok 648 - Eloquent\Schemer\Validation\ConstraintValidatorTest::testValidateSchema with data set "format / date-time.json / invalid" ('format', 'date-time.json', 'invalid')
ok 649 - Eloquent\Schemer\Validation\ConstraintValidatorTest::testValidateSchema with data set "format / ipv4.json / valid IP address" ('format', 'ipv4.json', 'valid IP address')
ok 650 - Eloquent\Schemer\Validation\ConstraintValidatorTest::testValidateSchema with data set "format / ipv4.json / valid non-string" ('format', 'ipv4.json', 'valid non-string')
ok 651 - Eloquent\Schemer\Validation\ConstraintValidatorTest::testValidateSchema with data set "format / ipv4.json / invalid string" ('format', 'ipv4.json', 'invalid string')
ok 652 - Eloquent\Schemer\Validation\ConstraintValidatorTest::testValidateSchema with data set "format / ipv4.json / invalid IPv6 address" ('format', 'ipv4.json', 'invalid IPv6 address')
ok 653 - Eloquent\Schemer\Validation\ConstraintValidatorTest::testValidateSchema with data set "format / email.json / valid email" ('format', 'email.json', 'valid email')
ok 654 - Eloquent\Schemer\Validation\ConstraintValidatorTest::testValidateSchema with data set "format / email.json / valid non-string" ('format', 'email.json', 'valid non-string')
ok 655 - Eloquent\Schemer\Validation\ConstraintValidatorTest::testValidateSchema with data set "format / email.json / invalid" ('format', 'email.json', 'invalid')
ok 656 - Eloquent\Schemer\Validation\ConstraintValidatorTest::testValidateSchema with data set "minLength / minLength.json / valid string" ('minLength', 'minLength.json', 'valid string')
ok 657 - Eloquent\Schemer\Validation\ConstraintValidatorTest::testValidateSchema with data set "minLength / minLength.json / valid non-string" ('minLength', 'minLength.json', 'valid non-string')
ok 658 - Eloquent\Schemer\Validation\ConstraintValidatorTest::testValidateSchema with data set "minLength / minLength.json / invalid" ('minLength', 'minLength.json', 'invalid')
ok 659 - Eloquent\Schemer\Validation\ConstraintValidatorTest::testValidateSchema with data set "maxLength / maxLength.json / valid string" ('maxLength', 'maxLength.json', 'valid string')
ok 660 - Eloquent\Schemer\Validation\ConstraintValidatorTest::testValidateSchema with data set "maxLength / maxLength.json / valid non-string" ('maxLength', 'maxLength.json', 'valid non-string')
ok 661 - Eloquent\Schemer\Validation\ConstraintValidatorTest::testValidateSchema with data set "maxLength / maxLength.json / invalid" ('maxLength', 'maxLength.json', 'invalid')
ok 662 - Eloquent\Schemer\Validation\ConstraintValidatorTest::testValidateSchema with data set "pattern / pattern.json / valid string a" ('pattern', 'pattern.json', 'valid string a')
ok 663 - Eloquent\Schemer\Validation\ConstraintValidatorTest::testValidateSchema with data set "pattern / pattern.json / valid string b" ('pattern', 'pattern.json', 'valid string b')
ok 664 - Eloquent\Schemer\Validation\ConstraintValidatorTest::testValidateSchema with data set "pattern / pattern.json / valid non-string" ('pattern', 'pattern.json', 'valid non-string')
ok 665 - Eloquent\Schemer\Validation\ConstraintValidatorTest::testValidateSchema with data set "pattern / pattern.json / invalid" ('pattern', 'pattern.json', 'invalid')
ok 666 - Eloquent\Schemer\Validation\ConstraintValidatorTest::testValidateSchema with data set "properties / additionalProperties-schema.json / valid" ('properties', 'additionalProperties-schema.json', 'valid')
ok 667 - Eloquent\Schemer\Validation\ConstraintValidatorTest::testValidateSchema with data set "properties / additionalProperties-schema.json / invalid" ('properties', 'additionalProperties-schema.json', 'invalid')
ok 668 - Eloquent\Schemer\Validation\ConstraintValidatorTest::testValidateSchema with data set "properties / multiple-properties.json / valid" ('properties', 'multiple-properties.json', 'valid')
ok 669 - Eloquent\Schemer\Validation\ConstraintValidatorTest::testValidateSchema with data set "properties / multiple-properties.json / invalid" ('properties', 'multiple-properties.json', 'invalid')
ok 670 - Eloquent\Schemer\Validation\ConstraintValidatorTest::testValidateSchema with data set "properties / multiple-patternProperties.json / valid" ('properties', 'multiple-patternProperties.json', 'valid')
ok 671 - Eloquent\Schemer\Validation\ConstraintValidatorTest::testValidateSchema with data set "properties / multiple-patternProperties.json / invalid" ('properties', 'multiple-patternProperties.json', 'invalid')
ok 672 - Eloquent\Schemer\Validation\ConstraintValidatorTest::testValidateSchema with data set "properties / additionalProperties-true.json / valid" ('properties', 'additionalProperties-true.json', 'valid')
ok 673 - Eloquent\Schemer\Validation\ConstraintValidatorTest::testValidateSchema with data set "properties / property-schema-cascade.json / valid object" ('properties', 'property-schema-cascade.json', 'valid object')
ok 674 - Eloquent\Schemer\Validation\ConstraintValidatorTest::testValidateSchema with data set "properties / property-schema-cascade.json / valid non-object" ('properties', 'property-schema-cascade.json', 'valid non-object')
ok 675 - Eloquent\Schemer\Validation\ConstraintValidatorTest::testValidateSchema with data set "properties / property-schema-cascade.json / invalid" ('properties', 'property-schema-cascade.json', 'invalid')
ok 676 - Eloquent\Schemer\Validation\ConstraintValidatorTest::testValidateSchema with data set "properties / additionalProperties-false.json / valid" ('properties', 'additionalProperties-false.json', 'valid')
ok 677 - Eloquent\Schemer\Validation\ConstraintValidatorTest::testValidateSchema with data set "properties / additionalProperties-false.json / invalid" ('properties', 'additionalProperties-false.json', 'invalid')
ok 678 - Eloquent\Schemer\Validation\ConstraintValidatorTest::testValidateSchema with data set "anyOf / multiple-schemas.json / valid string" ('anyOf', 'multiple-schemas.json', 'valid string')
ok 679 - Eloquent\Schemer\Validation\ConstraintValidatorTest::testValidateSchema with data set "anyOf / multiple-schemas.json / valid object" ('anyOf', 'multiple-schemas.json', 'valid object')
ok 680 - Eloquent\Schemer\Validation\ConstraintValidatorTest::testValidateSchema with data set "anyOf / multiple-schemas.json / invalid" ('anyOf', 'multiple-schemas.json', 'invalid')
ok 681 - Eloquent\Schemer\Validation\ConstraintValidatorTest::testValidateSchema with data set "anyOf / single-schema.json / valid" ('anyOf', 'single-schema.json', 'valid')
ok 682 - Eloquent\Schemer\Validation\ConstraintValidatorTest::testValidateSchema with data set "anyOf / single-schema.json / invalid" ('anyOf', 'single-schema.json', 'invalid')
ok 683 - Eloquent\Schemer\Validation\ConstraintValidatorTest::testValidateSchema with data set "enum / single-value.json / valid" ('enum', 'single-value.json', 'valid')
ok 684 - Eloquent\Schemer\Validation\ConstraintValidatorTest::testValidateSchema with data set "enum / single-value.json / invalid" ('enum', 'single-value.json', 'invalid')
ok 685 - Eloquent\Schemer\Validation\ConstraintValidatorTest::testValidateSchema with data set "enum / multiple-values.json / valid - first element" ('enum', 'multiple-values.json', 'valid - first element')
ok 686 - Eloquent\Schemer\Validation\ConstraintValidatorTest::testValidateSchema with data set "enum / multiple-values.json / valid - middle element" ('enum', 'multiple-values.json', 'valid - middle element')
ok 687 - Eloquent\Schemer\Validation\ConstraintValidatorTest::testValidateSchema with data set "enum / multiple-values.json / invalid" ('enum', 'multiple-values.json', 'invalid')
ok 688 - Eloquent\Schemer\Validation\ConstraintValidatorTest::testValidateSchema with data set "type / boolean-type.json / valid" ('type', 'boolean-type.json', 'valid')
ok 689 - Eloquent\Schemer\Validation\ConstraintValidatorTest::testValidateSchema with data set "type / boolean-type.json / invalid" ('type', 'boolean-type.json', 'invalid')
ok 690 - Eloquent\Schemer\Validation\ConstraintValidatorTest::testValidateSchema with data set "type / array-type.json / valid" ('type', 'array-type.json', 'valid')
ok 691 - Eloquent\Schemer\Validation\ConstraintValidatorTest::testValidateSchema with data set "type / array-type.json / invalid" ('type', 'array-type.json', 'invalid')
ok 692 - Eloquent\Schemer\Validation\ConstraintValidatorTest::testValidateSchema with data set "type / string-type.json / valid" ('type', 'string-type.json', 'valid')
ok 693 - Eloquent\Schemer\Validation\ConstraintValidatorTest::testValidateSchema with data set "type / string-type.json / invalid" ('type', 'string-type.json', 'invalid')
ok 694 - Eloquent\Schemer\Validation\ConstraintValidatorTest::testValidateSchema with data set "type / number-type.json / valid floating point value" ('type', 'number-type.json', 'valid floating point value')
ok 695 - Eloquent\Schemer\Validation\ConstraintValidatorTest::testValidateSchema with data set "type / number-type.json / valid integer" ('type', 'number-type.json', 'valid integer')
ok 696 - Eloquent\Schemer\Validation\ConstraintValidatorTest::testValidateSchema with data set "type / number-type.json / invalid" ('type', 'number-type.json', 'invalid')
ok 697 - Eloquent\Schemer\Validation\ConstraintValidatorTest::testValidateSchema with data set "type / object-type.json / valid" ('type', 'object-type.json', 'valid')
ok 698 - Eloquent\Schemer\Validation\ConstraintValidatorTest::testValidateSchema with data set "type / object-type.json / invalid" ('type', 'object-type.json', 'invalid')
ok 699 - Eloquent\Schemer\Validation\ConstraintValidatorTest::testValidateSchema with data set "type / datetime-type.toml / valid" ('type', 'datetime-type.toml', 'valid')
ok 700 - Eloquent\Schemer\Validation\ConstraintValidatorTest::testValidateSchema with data set "type / datetime-type.toml / invalid" ('type', 'datetime-type.toml', 'invalid')
ok 701 - Eloquent\Schemer\Validation\ConstraintValidatorTest::testValidateSchema with data set "type / integer-type.json / valid" ('type', 'integer-type.json', 'valid')
ok 702 - Eloquent\Schemer\Validation\ConstraintValidatorTest::testValidateSchema with data set "type / integer-type.json / invalid" ('type', 'integer-type.json', 'invalid')
ok 703 - Eloquent\Schemer\Validation\ConstraintValidatorTest::testValidateSchema with data set "type / multiple-types.json / valid string" ('type', 'multiple-types.json', 'valid string')
ok 704 - Eloquent\Schemer\Validation\ConstraintValidatorTest::testValidateSchema with data set "type / multiple-types.json / valid object" ('type', 'multiple-types.json', 'valid object')
ok 705 - Eloquent\Schemer\Validation\ConstraintValidatorTest::testValidateSchema with data set "type / multiple-types.json / invalid" ('type', 'multiple-types.json', 'invalid')
ok 706 - Eloquent\Schemer\Validation\ConstraintValidatorTest::testValidateSchema with data set "type / null-type.json / valid" ('type', 'null-type.json', 'valid')
ok 707 - Eloquent\Schemer\Validation\ConstraintValidatorTest::testValidateSchema with data set "type / null-type.json / invalid" ('type', 'null-type.json', 'invalid')
ok 708 - Eloquent\Schemer\Validation\ConstraintValidatorTest::testValidateSchema with data set "dependencies / property-dependency.json / valid - dependant" ('dependencies', 'property-dependency.json', 'valid - dependant')
ok 709 - Eloquent\Schemer\Validation\ConstraintValidatorTest::testValidateSchema with data set "dependencies / property-dependency.json / valid - not dependant" ('dependencies', 'property-dependency.json', 'valid - not dependant')
ok 710 - Eloquent\Schemer\Validation\ConstraintValidatorTest::testValidateSchema with data set "dependencies / property-dependency.json / valid non-object" ('dependencies', 'property-dependency.json', 'valid non-object')
ok 711 - Eloquent\Schemer\Validation\ConstraintValidatorTest::testValidateSchema with data set "dependencies / property-dependency.json / invalid" ('dependencies', 'property-dependency.json', 'invalid')
ok 712 - Eloquent\Schemer\Validation\ConstraintValidatorTest::testValidateSchema with data set "dependencies / schema-dependency.json / valid - dependant" ('dependencies', 'schema-dependency.json', 'valid - dependant')
ok 713 - Eloquent\Schemer\Validation\ConstraintValidatorTest::testValidateSchema with data set "dependencies / schema-dependency.json / valid - not dependant" ('dependencies', 'schema-dependency.json', 'valid - not dependant')
ok 714 - Eloquent\Schemer\Validation\ConstraintValidatorTest::testValidateSchema with data set "dependencies / schema-dependency.json / valid non-object" ('dependencies', 'schema-dependency.json', 'valid non-object')
ok 715 - Eloquent\Schemer\Validation\ConstraintValidatorTest::testValidateSchema with data set "dependencies / schema-dependency.json / invalid" ('dependencies', 'schema-dependency.json', 'invalid')
ok 716 - Eloquent\Schemer\Validation\ConstraintValidatorTest::testValidateSchema with data set "items / multiple-schemas.json / valid" ('items', 'multiple-schemas.json', 'valid')
ok 717 - Eloquent\Schemer\Validation\ConstraintValidatorTest::testValidateSchema with data set "items / multiple-schemas.json / invalid" ('items', 'multiple-schemas.json', 'invalid')
ok 718 - Eloquent\Schemer\Validation\ConstraintValidatorTest::testValidateSchema with data set "items / additionalItems-schema.json / valid array" ('items', 'additionalItems-schema.json', 'valid array')
ok 719 - Eloquent\Schemer\Validation\ConstraintValidatorTest::testValidateSchema with data set "items / additionalItems-schema.json / valid non-array" ('items', 'additionalItems-schema.json', 'valid non-array')
ok 720 - Eloquent\Schemer\Validation\ConstraintValidatorTest::testValidateSchema with data set "items / additionalItems-schema.json / invalid" ('items', 'additionalItems-schema.json', 'invalid')
ok 721 - Eloquent\Schemer\Validation\ConstraintValidatorTest::testValidateSchema with data set "items / additionalItems-false.json / valid" ('items', 'additionalItems-false.json', 'valid')
ok 722 - Eloquent\Schemer\Validation\ConstraintValidatorTest::testValidateSchema with data set "items / additionalItems-false.json / invalid" ('items', 'additionalItems-false.json', 'invalid')
ok 723 - Eloquent\Schemer\Validation\ConstraintValidatorTest::testValidateSchema with data set "items / single-schema.json / valid" ('items', 'single-schema.json', 'valid')
ok 724 - Eloquent\Schemer\Validation\ConstraintValidatorTest::testValidateSchema with data set "items / single-schema.json / invalid" ('items', 'single-schema.json', 'invalid')
ok 725 - Eloquent\Schemer\Validation\ConstraintValidatorTest::testValidateSchema with data set "minProperties / minProperties.json / valid object" ('minProperties', 'minProperties.json', 'valid object')
ok 726 - Eloquent\Schemer\Validation\ConstraintValidatorTest::testValidateSchema with data set "minProperties / minProperties.json / valid non-object" ('minProperties', 'minProperties.json', 'valid non-object')
ok 727 - Eloquent\Schemer\Validation\ConstraintValidatorTest::testValidateSchema with data set "minProperties / minProperties.json / invalid" ('minProperties', 'minProperties.json', 'invalid')
ok 728 - Eloquent\Schemer\Validation\ConstraintValidatorTest::testValidateSchema with data set "not / not.json / valid integer" ('not', 'not.json', 'valid integer')
ok 729 - Eloquent\Schemer\Validation\ConstraintValidatorTest::testValidateSchema with data set "not / not.json / valid floating point value" ('not', 'not.json', 'valid floating point value')
ok 730 - Eloquent\Schemer\Validation\ConstraintValidatorTest::testValidateSchema with data set "not / not.json / invalid" ('not', 'not.json', 'invalid')
ok 731 - Eloquent\Schemer\Validation\ConstraintValidatorTest::testValidateSchema with data set "minDateTime / minDateTime.toml / valid date/time" ('minDateTime', 'minDateTime.toml', 'valid date/time')
ok 732 - Eloquent\Schemer\Validation\ConstraintValidatorTest::testValidateSchema with data set "minDateTime / minDateTime.toml / valid non-date/time" ('minDateTime', 'minDateTime.toml', 'valid non-date/time')
ok 733 - Eloquent\Schemer\Validation\ConstraintValidatorTest::testValidateSchema with data set "minDateTime / minDateTime.toml / invalid" ('minDateTime', 'minDateTime.toml', 'invalid')
ok 734 - Eloquent\Schemer\Validation\ConstraintValidatorTest::testValidateSchema with data set "minItems / minItems.json / valid array" ('minItems', 'minItems.json', 'valid array')
ok 735 - Eloquent\Schemer\Validation\ConstraintValidatorTest::testValidateSchema with data set "minItems / minItems.json / valid non-array" ('minItems', 'minItems.json', 'valid non-array')
ok 736 - Eloquent\Schemer\Validation\ConstraintValidatorTest::testValidateSchema with data set "minItems / minItems.json / invalid" ('minItems', 'minItems.json', 'invalid')
ok 737 - Eloquent\Schemer\Validation\DefaultValueTransformTest::testTransform with data set "object-properties.json / object missing defaults" ('object-properties.json', 'object missing defaults')
ok 738 - Eloquent\Schemer\Validation\DefaultValueTransformTest::testTransform with data set "object-properties.json / object not missing defaults" ('object-properties.json', 'object not missing defaults')
ok 739 - Eloquent\Schemer\Validation\DefaultValueTransformTest::testTransform with data set "object-properties.json / array unchanged" ('object-properties.json', 'array unchanged')
ok 740 - Eloquent\Schemer\Validation\DefaultValueTransformTest::testTransform with data set "array-items.json / array missing defaults" ('array-items.json', 'array missing defaults')
ok 741 - Eloquent\Schemer\Validation\DefaultValueTransformTest::testTransform with data set "array-items.json / array not missing defaults" ('array-items.json', 'array not missing defaults')
ok 742 - Eloquent\Schemer\Validation\DefaultValueTransformTest::testTransform with data set "array-items.json / object unchanged" ('array-items.json', 'object unchanged')
ok 743 - Eloquent\Schemer\Value\ArrayValueTest::testValueRecursive
ok 744 - Eloquent\Schemer\Value\Factory\ValueFactoryTest::testCreateRecursiveArray
ok 745 - Eloquent\Schemer\Value\Factory\ValueFactoryTest::testCreateSimilarNonRecursiveArray
ok 746 - Eloquent\Schemer\Value\Factory\ValueFactoryTest::testCreateRecursiveObject
ok 747 - Eloquent\Schemer\Value\Factory\ValueFactoryTest::testCreateSimilarNonRecursiveObject
ok 748 - Eloquent\Schemer\Value\Factory\ValueFactoryTest::testCreateNestedRecursiveValue
ok 749 - Eloquent\Schemer\Value\ObjectValueTest::testValueRecursive
1..749
